../Core/Src/main.c:78:6:Push_Event	32	static,ignoring_inline_asm
../Core/Src/main.c:91:9:Pop_Event	16	static
../Core/Src/main.c:98:6:HAL_UART_RxCpltCallback	16	static
../Core/Src/main.c:106:6:Check_UART_Error	24	static
../Core/Src/main.c:112:6:Handle_PC_Command	16	static
../Core/Src/main.c:121:6:Task_ADC	8	static
../Core/Src/main.c:128:6:Task_UART_Segmented	16	static
../Core/Src/main.c:144:6:Task_Read_Sensor	8	static,ignoring_inline_asm
../Core/Src/main.c:156:6:Task_LCD	32	static
../Core/Src/main.c:177:6:HAL_TIM_PeriodElapsedCallback	16	static
../Core/Src/main.c:203:5:main	24	static
../Core/Src/main.c:301:6:SystemClock_Config	88	static
../Core/Src/main.c:351:6:Error_Handler	4	static,ignoring_inline_asm
