../Core/Src/main.c:85:6:Push_Event	32	static,ignoring_inline_asm
../Core/Src/main.c:98:9:Pop_Event	16	static
../Core/Src/main.c:105:6:HAL_UART_RxCpltCallback	16	static
../Core/Src/main.c:125:6:Check_UART_Error	24	static
../Core/Src/main.c:136:6:Task_ADC	8	static
../Core/Src/main.c:143:6:Task_UART	16	static
../Core/Src/main.c:152:6:Task_Read_Sensor	8	static,ignoring_inline_asm
../Core/Src/main.c:161:6:Task_LCD	32	static
../Core/Src/main.c:178:6:Task_ISR	40	static,ignoring_inline_asm
../Core/Src/main.c:212:6:HAL_TIM_PeriodElapsedCallback	24	static
../Core/Src/main.c:242:5:main	24	static
../Core/Src/main.c:331:6:SystemClock_Config	88	static
../Core/Src/main.c:381:6:Error_Handler	4	static,ignoring_inline_asm
