Archive member included to satisfy reference by file (symbol)

D:/STM32/STM32CubeIDE_1.19.0/STM32CubeIDE/plugins/com.st.stm32cube.ide.mcu.externaltools.gnu-tools-for-stm32.13.3.rel1.win32_1.0.100.202509120712/tools/bin/../lib/gcc/arm-none-eabi/13.3.1/../../../../arm-none-eabi/lib/thumb/v7-m/nofp\libc_nano.a(libc_a-exit.o)
                              D:/STM32/STM32CubeIDE_1.19.0/STM32CubeIDE/plugins/com.st.stm32cube.ide.mcu.externaltools.gnu-tools-for-stm32.13.3.rel1.win32_1.0.100.202509120712/tools/bin/../lib/gcc/arm-none-eabi/13.3.1/../../../../arm-none-eabi/lib/thumb/v7-m/nofp/crt0.o (exit)
D:/STM32/STM32CubeIDE_1.19.0/STM32CubeIDE/plugins/com.st.stm32cube.ide.mcu.externaltools.gnu-tools-for-stm32.13.3.rel1.win32_1.0.100.202509120712/tools/bin/../lib/gcc/arm-none-eabi/13.3.1/../../../../arm-none-eabi/lib/thumb/v7-m/nofp\libc_nano.a(libc_a-nano-vfprintf_float.o)
                              (_printf_float)
D:/STM32/STM32CubeIDE_1.19.0/STM32CubeIDE/plugins/com.st.stm32cube.ide.mcu.externaltools.gnu-tools-for-stm32.13.3.rel1.win32_1.0.100.202509120712/tools/bin/../lib/gcc/arm-none-eabi/13.3.1/../../../../arm-none-eabi/lib/thumb/v7-m/nofp\libc_nano.a(libc_a-nano-vfprintf_i.o)
                              D:/STM32/STM32CubeIDE_1.19.0/STM32CubeIDE/plugins/com.st.stm32cube.ide.mcu.externaltools.gnu-tools-for-stm32.13.3.rel1.win32_1.0.100.202509120712/tools/bin/../lib/gcc/arm-none-eabi/13.3.1/../../../../arm-none-eabi/lib/thumb/v7-m/nofp\libc_nano.a(libc_a-nano-vfprintf_float.o) (_printf_common)
D:/STM32/STM32CubeIDE_1.19.0/STM32CubeIDE/plugins/com.st.stm32cube.ide.mcu.externaltools.gnu-tools-for-stm32.13.3.rel1.win32_1.0.100.202509120712/tools/bin/../lib/gcc/arm-none-eabi/13.3.1/../../../../arm-none-eabi/lib/thumb/v7-m/nofp\libc_nano.a(libc_a-findfp.o)
                              ./Middlewares/Third_Party/FreeRTOS/Source/tasks.o (__sf)
D:/STM32/STM32CubeIDE_1.19.0/STM32CubeIDE/plugins/com.st.stm32cube.ide.mcu.externaltools.gnu-tools-for-stm32.13.3.rel1.win32_1.0.100.202509120712/tools/bin/../lib/gcc/arm-none-eabi/13.3.1/../../../../arm-none-eabi/lib/thumb/v7-m/nofp\libc_nano.a(libc_a-fwalk.o)
                              D:/STM32/STM32CubeIDE_1.19.0/STM32CubeIDE/plugins/com.st.stm32cube.ide.mcu.externaltools.gnu-tools-for-stm32.13.3.rel1.win32_1.0.100.202509120712/tools/bin/../lib/gcc/arm-none-eabi/13.3.1/../../../../arm-none-eabi/lib/thumb/v7-m/nofp\libc_nano.a(libc_a-findfp.o) (_fwalk_sglue)
D:/STM32/STM32CubeIDE_1.19.0/STM32CubeIDE/plugins/com.st.stm32cube.ide.mcu.externaltools.gnu-tools-for-stm32.13.3.rel1.win32_1.0.100.202509120712/tools/bin/../lib/gcc/arm-none-eabi/13.3.1/../../../../arm-none-eabi/lib/thumb/v7-m/nofp\libc_nano.a(libc_a-sprintf.o)
                              ./Core/Src/main.o (sprintf)
D:/STM32/STM32CubeIDE_1.19.0/STM32CubeIDE/plugins/com.st.stm32cube.ide.mcu.externaltools.gnu-tools-for-stm32.13.3.rel1.win32_1.0.100.202509120712/tools/bin/../lib/gcc/arm-none-eabi/13.3.1/../../../../arm-none-eabi/lib/thumb/v7-m/nofp\libc_nano.a(libc_a-sscanf.o)
                              ./Core/Src/main.o (sscanf)
D:/STM32/STM32CubeIDE_1.19.0/STM32CubeIDE/plugins/com.st.stm32cube.ide.mcu.externaltools.gnu-tools-for-stm32.13.3.rel1.win32_1.0.100.202509120712/tools/bin/../lib/gcc/arm-none-eabi/13.3.1/../../../../arm-none-eabi/lib/thumb/v7-m/nofp\libc_nano.a(libc_a-stdio.o)
                              D:/STM32/STM32CubeIDE_1.19.0/STM32CubeIDE/plugins/com.st.stm32cube.ide.mcu.externaltools.gnu-tools-for-stm32.13.3.rel1.win32_1.0.100.202509120712/tools/bin/../lib/gcc/arm-none-eabi/13.3.1/../../../../arm-none-eabi/lib/thumb/v7-m/nofp\libc_nano.a(libc_a-findfp.o) (__sread)
D:/STM32/STM32CubeIDE_1.19.0/STM32CubeIDE/plugins/com.st.stm32cube.ide.mcu.externaltools.gnu-tools-for-stm32.13.3.rel1.win32_1.0.100.202509120712/tools/bin/../lib/gcc/arm-none-eabi/13.3.1/../../../../arm-none-eabi/lib/thumb/v7-m/nofp\libc_nano.a(libc_a-memset.o)
                              D:/STM32/STM32CubeIDE_1.19.0/STM32CubeIDE/plugins/com.st.stm32cube.ide.mcu.externaltools.gnu-tools-for-stm32.13.3.rel1.win32_1.0.100.202509120712/tools/bin/../lib/gcc/arm-none-eabi/13.3.1/../../../../arm-none-eabi/lib/thumb/v7-m/nofp/crt0.o (memset)
D:/STM32/STM32CubeIDE_1.19.0/STM32CubeIDE/plugins/com.st.stm32cube.ide.mcu.externaltools.gnu-tools-for-stm32.13.3.rel1.win32_1.0.100.202509120712/tools/bin/../lib/gcc/arm-none-eabi/13.3.1/../../../../arm-none-eabi/lib/thumb/v7-m/nofp\libc_nano.a(libc_a-localeconv.o)
                              D:/STM32/STM32CubeIDE_1.19.0/STM32CubeIDE/plugins/com.st.stm32cube.ide.mcu.externaltools.gnu-tools-for-stm32.13.3.rel1.win32_1.0.100.202509120712/tools/bin/../lib/gcc/arm-none-eabi/13.3.1/../../../../arm-none-eabi/lib/thumb/v7-m/nofp\libc_nano.a(libc_a-nano-vfprintf_float.o) (_localeconv_r)
[...]
Memory Configuration

Name             Origin             Length             Attributes
RAM              0x20000000         0x00005000         xrw
FLASH            0x08000000         0x00010000         xr
*default*        0x00000000         0xffffffff

Linker script and memory map

LOAD D:/STM32/STM32CubeIDE_1.19.0/STM32CubeIDE/plugins/com.st.stm32cube.ide.mcu.externaltools.gnu-tools-for-stm32.13.3.rel1.win32_1.0.100.202509120712/tools/bin/../lib/gcc/arm-none-eabi/13.3.1/thumb/v7-m/nofp/crti.o
LOAD D:/STM32/STM32CubeIDE_1.19.0/STM32CubeIDE/plugins/com.st.stm32cube.ide.mcu.externaltools.gnu-tools-for-stm32.13.3.rel1.win32_1.0.100.202509120712/tools/bin/../lib/gcc/arm-none-eabi/13.3.1/thumb/v7-m/nofp/crtbegin.o
LOAD D:/STM32/STM32CubeIDE_1.19.0/STM32CubeIDE/plugins/com.st.stm32cube.ide.mcu.externaltools.gnu-tools-for-stm32.13.3.rel1.win32_1.0.100.202509120712/tools/bin/../lib/gcc/arm-none-eabi/13.3.1/../../../../arm-none-eabi/lib/thumb/v7-m/nofp/crt0.o
LOAD ./Core/Src/DHT22.o
LOAD ./Core/Src/I2CLCD.o
LOAD ./Core/Src/SHT3X.o
LOAD ./Core/Src/adc.o
LOAD ./Core/Src/freertos.o
LOAD ./Core/Src/gpio.o
LOAD ./Core/Src/i2c.o
LOAD ./Core/Src/main.o
LOAD ./Core/Src/stm32f1xx_hal_msp.o
LOAD ./Core/Src/stm32f1xx_hal_timebase_tim.o
LOAD ./Core/Src/stm32f1xx_it.o
LOAD ./Core/Src/syscalls.o
LOAD ./Core/Src/sysmem.o
LOAD ./Core/Src/system_stm32f1xx.o
LOAD ./Core/Src/tim.o
LOAD ./Core/Src/usart.o
LOAD ./Core/Startup/startup_stm32f103c8tx.o
LOAD ./Drivers/STM32F1xx_HAL_Driver/Src/stm32f1xx_hal.o
LOAD ./Drivers/STM32F1xx_HAL_Driver/Src/stm32f1xx_hal_adc.o
LOAD ./Drivers/STM32F1xx_HAL_Driver/Src/stm32f1xx_hal_adc_ex.o
LOAD ./Drivers/STM32F1xx_HAL_Driver/Src/stm32f1xx_hal_cortex.o
LOAD ./Drivers/STM32F1xx_HAL_Driver/Src/stm32f1xx_hal_dma.o
LOAD ./Drivers/STM32F1xx_HAL_Driver/Src/stm32f1xx_hal_exti.o
LOAD ./Drivers/STM32F1xx_HAL_Driver/Src/stm32f1xx_hal_flash.o
LOAD ./Drivers/STM32F1xx_HAL_Driver/Src/stm32f1xx_hal_flash_ex.o
LOAD ./Drivers/STM32F1xx_HAL_Driver/Src/stm32f1xx_hal_gpio.o
LOAD ./Drivers/STM32F1xx_HAL_Driver/Src/stm32f1xx_hal_gpio_ex.o
LOAD ./Drivers/STM32F1xx_HAL_Driver/Src/stm32f1xx_hal_i2c.o
LOAD ./Drivers/STM32F1xx_HAL_Driver/Src/stm32f1xx_hal_pwr.o
LOAD ./Drivers/STM32F1xx_HAL_Driver/Src/stm32f1xx_hal_rcc.o
LOAD ./Drivers/STM32F1xx_HAL_Driver/Src/stm32f1xx_hal_rcc_ex.o
LOAD ./Drivers/STM32F1xx_HAL_Driver/Src/stm32f1xx_hal_tim.o
LOAD ./Drivers/STM32F1xx_HAL_Driver/Src/stm32f1xx_hal_tim_ex.o
LOAD ./Drivers/STM32F1xx_HAL_Driver/Src/stm32f1xx_hal_uart.o
LOAD ./Middlewares/Third_Party/FreeRTOS/Source/CMSIS_RTOS_V2/cmsis_os2.o
LOAD ./Middlewares/Third_Party/FreeRTOS/Source/croutine.o
LOAD ./Middlewares/Third_Party/FreeRTOS/Source/event_groups.o
LOAD ./Middlewares/Third_Party/FreeRTOS/Source/list.o
LOAD ./Middlewares/Third_Party/FreeRTOS/Source/queue.o
LOAD ./Middlewares/Third_Party/FreeRTOS/Source/stream_buffer.o
LOAD ./Middlewares/Third_Party/FreeRTOS/Source/tasks.o
LOAD ./Middlewares/Third_Party/FreeRTOS/Source/timers.o
LOAD ./Middlewares/Third_Party/FreeRTOS/Source/portable/GCC/ARM_CM3/port.o
LOAD ./Middlewares/Third_Party/FreeRTOS/Source/portable/MemMang/heap_4.o
START GROUP
LOAD D:/STM32/STM32CubeIDE_1.19.0/STM32CubeIDE/plugins/com.st.stm32cube.ide.mcu.externaltools.gnu-tools-for-stm32.13.3.rel1.win32_1.0.100.202509120712/tools/bin/../lib/gcc/arm-none-eabi/13.3.1/../../../../arm-none-eabi/lib/thumb/v7-m/nofp\libc_nano.a
LOAD D:/STM32/STM32CubeIDE_1.19.0/STM32CubeIDE/plugins/com.st.stm32cube.ide.mcu.externaltools.gnu-tools-for-stm32.13.3.rel1.win32_1.0.100.202509120712/tools/bin/../lib/gcc/arm-none-eabi/13.3.1/../../../../arm-none-eabi/lib/thumb/v7-m/nofp\libm.a
END GROUP
START GROUP
LOAD D:/STM32/STM32CubeIDE_1.19.0/STM32CubeIDE/plugins/com.st.stm32cube.ide.mcu.externaltools.gnu-tools-for-stm32.13.3.rel1.win32_1.0.100.202509120712/tools/bin/../lib/gcc/arm-none-eabi/13.3.1/thumb/v7-m/nofp\libgcc.a
LOAD D:/STM32/STM32CubeIDE_1.19.0/STM32CubeIDE/plugins/com.st.stm32cube.ide.mcu.externaltools.gnu-tools-for-stm32.13.3.rel1.win32_1.0.100.202509120712/tools/bin/../lib/gcc/arm-none-eabi/13.3.1/../../../../arm-none-eabi/lib/thumb/v7-m/nofp\libc_nano.a
END GROUP
START GROUP
LOAD D:/STM32/STM32CubeIDE_1.19.0/STM32CubeIDE/plugins/com.st.stm32cube.ide.mcu.externaltools.gnu-tools-for-stm32.13.3.rel1.win32_1.0.100.202509120712/tools/bin/../lib/gcc/arm-none-eabi/13.3.1/thumb/v7-m/nofp\libgcc.a
LOAD D:/STM32/STM32CubeIDE_1.19.0/STM32CubeIDE/plugins/com.st.stm32cube.ide.mcu.externaltools.gnu-tools-for-stm32.13.3.rel1.win32_1.0.100.202509120712/tools/bin/../lib/gcc/arm-none-eabi/13.3.1/../../../../arm-none-eabi/lib/thumb/v7-m/nofp\libc_nano.a
LOAD D:/STM32/STM32CubeIDE_1.19.0/STM32CubeIDE/plugins/com.st.stm32cube.ide.mcu.externaltools.gnu-tools-for-stm32.13.3.rel1.win32_1.0.100.202509120712/tools/bin/../lib/gcc/arm-none-eabi/13.3.1/../../../../arm-none-eabi/lib/thumb/v7-m/nofp\libnosys.a
END GROUP
START GROUP
LOAD D:/STM32/STM32CubeIDE_1.19.0/STM32CubeIDE/plugins/com.st.stm32cube.ide.mcu.externaltools.gnu-tools-for-stm32.13.3.rel1.win32_1.0.100.202509120712/tools/bin/../lib/gcc/arm-none-eabi/13.3.1/thumb/v7-m/nofp\libgcc.a
LOAD D:/STM32/STM32CubeIDE_1.19.0/STM32CubeIDE/plugins/com.st.stm32cube.ide.mcu.externaltools.gnu-tools-for-stm32.13.3.rel1.win32_1.0.100.202509120712/tools/bin/../lib/gcc/arm-none-eabi/13.3.1/../../../../arm-none-eabi/lib/thumb/v7-m/nofp\libc_nano.a
LOAD D:/STM32/STM32CubeIDE_1.19.0/STM32CubeIDE/plugins/com.st.stm32cube.ide.mcu.externaltools.gnu-tools-for-stm32.13.3.rel1.win32_1.0.100.202509120712/tools/bin/../lib/gcc/arm-none-eabi/13.3.1/../../../../arm-none-eabi/lib/thumb/v7-m/nofp\libnosys.a
END GROUP
LOAD D:/STM32/STM32CubeIDE_1.19.0/STM32CubeIDE/plugins/com.st.stm32cube.ide.mcu.externaltools.gnu-tools-for-stm32.13.3.rel1.win32_1.0.100.202509120712/tools/bin/../lib/gcc/arm-none-eabi/13.3.1/thumb/v7-m/nofp/crtend.o
LOAD D:/STM32/STM32CubeIDE_1.19.0/STM32CubeIDE/plugins/com.st.stm32cube.ide.mcu.externaltools.gnu-tools-for-stm32.13.3.rel1.win32_1.0.100.202509120712/tools/bin/../lib/gcc/arm-none-eabi/13.3.1/thumb/v7-m/nofp/crtn.o
                0x20005000                        _estack = (ORIGIN (RAM) + LENGTH (RAM))
                0x00000200                        _Min_Heap_Size = 0x200
                0x00000400                        _Min_Stack_Size = 0x400

.isr_vector     0x08000000      0x10c
                0x08000000                        . = ALIGN (0x4)
 *(.isr_vector)
 .isr_vector    0x08000000      0x10c ./Core/Startup/startup_stm32f103c8tx.o
                0x08000000                g_pfnVectors
                0x0800010c                        . = ALIGN (0x4)

.text           0x08000110     0xe1ac
                0x08000110                        . = ALIGN (0x4)
 *(.text)
 .text          0x08000110       0x40 D:/STM32/STM32CubeIDE_1.19.0/STM32CubeIDE/plugins/com.st.stm32cube.ide.mcu.externaltools.gnu-tools-for-stm32.13.3.rel1.win32_1.0.100.202509120712/tools/bin/../lib/gcc/arm-none-eabi/13.3.1/thumb/v7-m/nofp/crtbegin.o
 .text          0x08000150       0x14 D:/STM32/STM32CubeIDE_1.19.0/STM32CubeIDE/plugins/com.st.stm32cube.ide.mcu.externaltools.gnu-tools-for-stm32.13.3.rel1.win32_1.0.100.202509120712/tools/bin/../lib/gcc/arm-none-eabi/13.3.1/../../../../arm-none-eabi/lib/thumb/v7-m/nofp\libc_nano.a(libc_a-strcmp.o)
                0x08000150                strcmp
 .text          0x08000164       0x10 D:/STM32/STM32CubeIDE_1.19.0/STM32CubeIDE/plugins/com.st.stm32cube.ide.mcu.externaltools.gnu-tools-for-stm32.13.3.rel1.win32_1.0.100.202509120712/tools/bin/../lib/gcc/arm-none-eabi/13.3.1/../../../../arm-none-eabi/lib/thumb/v7-m/nofp\libc_nano.a(libc_a-strlen.o)
                0x08000164                strlen
 .text          0x08000174      0x168 D:/STM32/STM32CubeIDE_1.19.0/STM32CubeIDE/plugins/com.st.stm32cube.ide.mcu.externaltools.gnu-tools-for-stm32.13.3.rel1.win32_1.0.100.202509120712/tools/bin/../lib/gcc/arm-none-eabi/13.3.1/thumb/v7-m/nofp\libgcc.a(_arm_mulsf3.o)
                0x08000174                __aeabi_fmul
                0x08000174                __mulsf3
 .text          0x080002dc      0x378 D:/STM32/STM32CubeIDE_1.19.0/STM32CubeIDE/plugins/com.st.stm32cube.ide.mcu.externaltools.gnu-tools-for-stm32.13.3.rel1.win32_1.0.100.202509120712/tools/bin/../lib/gcc/arm-none-eabi/13.3.1/thumb/v7-m/nofp\libgcc.a(_arm_addsubdf3.o)
                0x080002dc                __aeabi_drsub
                0x080002e4                __aeabi_dsub
                0x080002e4                __subdf3
                0x080002e8                __aeabi_dadd
                0x080002e8                __adddf3
                0x08000560                __floatunsidf
                0x08000560                __aeabi_ui2d
                0x08000580                __floatsidf
                0x08000580                __aeabi_i2d
                0x080005a4                __aeabi_f2d
                0x080005a4                __extendsfdf2
                0x080005e8                __floatundidf
                0x080005e8                __aeabi_ul2d
                0x080005f8                __floatdidf
                0x080005f8                __aeabi_l2d
 .text          0x08000654      0x424 D:/STM32/STM32CubeIDE_1.19.0/STM32CubeIDE/plugins/com.st.stm32cube.ide.mcu.externaltools.gnu-tools-for-stm32.13.3.rel1.win32_1.0.100.202509120712/tools/bin/../lib/gcc/arm-none-eabi/13.3.1/thumb/v7-m/nofp\libgcc.a(_arm_muldivdf3.o)
                0x08000654                __aeabi_dmul
                0x08000654                __muldf3
                0x080008a8                __divdf3
                0x080008a8                __aeabi_ddiv
 .text          0x08000a78      0x110 D:/STM32/STM32CubeIDE_1.19.0/STM32CubeIDE/plugins/com.st.stm32cube.ide.mcu.externaltools.gnu-tools-for-stm32.13.3.rel1.win32_1.0.100.202509120712/tools/bin/../lib/gcc/arm-none-eabi/13.3.1/thumb/v7-m/nofp\libgcc.a(_arm_cmpdf2.o)
                0x08000a78                __gtdf2
                0x08000a78                __gedf2
                0x08000a80                __ltdf2
                0x08000a80                __ledf2
                0x08000a88                __nedf2
                0x08000a88                __eqdf2
                0x08000a88                __cmpdf2
                0x08000b04                __aeabi_cdrcmple
                0x08000b14                __aeabi_cdcmpeq
                0x08000b14                __aeabi_cdcmple
                0x08000b24                __aeabi_dcmpeq
                0x08000b38                __aeabi_dcmplt
                0x08000b4c                __aeabi_dcmple
                0x08000b60                __aeabi_dcmpge
                0x08000b74                __aeabi_dcmpgt
 .text          0x08000b88       0x2c D:/STM32/STM32CubeIDE_1.19.0/STM32CubeIDE/plugins/com.st.stm32cube.ide.mcu.externaltools.gnu-tools-for-stm32.13.3.rel1.win32_1.0.100.202509120712/tools/bin/../lib/gcc/arm-none-eabi/13.3.1/thumb/v7-m/nofp\libgcc.a(_arm_unorddf2.o)
                0x08000b88                __unorddf2
                0x08000b88                __aeabi_dcmpun
 .text          0x08000bb4       0x50 D:/STM32/STM32CubeIDE_1.19.0/STM32CubeIDE/plugins/com.st.stm32cube.ide.mcu.externaltools.gnu-tools-for-stm32.13.3.rel1.win32_1.0.100.202509120712/tools/bin/../lib/gcc/arm-none-eabi/13.3.1/thumb/v7-m/nofp\libgcc.a(_arm_fixdfsi.o)
                0x08000bb4                __aeabi_d2iz
                0x08000bb4                __fixdfsi
 .text          0x08000c04       0xa0 D:/STM32/STM32CubeIDE_1.19.0/STM32CubeIDE/plugins/com.st.stm32cube.ide.mcu.externaltools.gnu-tools-for-stm32.13.3.rel1.win32_1.0.100.202509120712/tools/bin/../lib/gcc/arm-none-eabi/13.3.1/thumb/v7-m/nofp\libgcc.a(_arm_truncdfsf2.o)
                0x08000c04                __truncdfsf2
                0x08000c04                __aeabi_d2f
 .text          0x08000ca4      0x21c D:/STM32/STM32CubeIDE_1.19.0/STM32CubeIDE/plugins/com.st.stm32cube.ide.mcu.externaltools.gnu-tools-for-stm32.13.3.rel1.win32_1.0.100.202509120712/tools/bin/../lib/gcc/arm-none-eabi/13.3.1/thumb/v7-m/nofp\libgcc.a(_arm_addsubsf3.o)
                0x08000ca4                __aeabi_frsub
                0x08000cac                __subsf3
                0x08000cac                __aeabi_fsub
                0x08000cb0                __aeabi_fadd
                0x08000cb0                __addsf3
                0x08000e10                __aeabi_ui2f
                0x08000e10                __floatunsisf
                0x08000e18                __aeabi_i2f
                0x08000e18                __floatsisf
                0x08000e34                __aeabi_ul2f
                0x08000e34                __floatundisf
                0x08000e44                __aeabi_l2f
                0x08000e44                __floatdisf
 .text          0x08000ec0       0x4c D:/STM32/STM32CubeIDE_1.19.0/STM32CubeIDE/plugins/com.st.stm32cube.ide.mcu.externaltools.gnu-tools-for-stm32.13.3.rel1.win32_1.0.100.202509120712/tools/bin/../lib/gcc/arm-none-eabi/13.3.1/thumb/v7-m/nofp\libgcc.a(_arm_fixsfsi.o)
                0x08000ec0                __aeabi_f2iz
                0x08000ec0                __fixsfsi
 *(.text*)
 .text.DHT22_SetPinOutput
                0x08000f0c       0x3c ./Core/Src/DHT22.o
 .text.DHT22_SetPinInput
                0x08000f48       0x3c ./Core/Src/DHT22.o
 .text.delay_us
                0x08000f84       0x32 ./Core/Src/DHT22.o
 .text.DHT22_Init
                0x08000fb6       0x26 ./Core/Src/DHT22.o
                0x08000fb6                DHT22_Init
 .text.DHT22_Read
                0x08000fdc      0x228 ./Core/Src/DHT22.o
                0x08000fdc                DHT22_Read
 .text.lcd_send_cmd
                0x08001204       0x60 ./Core/Src/I2CLCD.o
                0x08001204                lcd_send_cmd
 .text.lcd_send_data
                0x08001264       0x60 ./Core/Src/I2CLCD.o
                0x08001264                lcd_send_data
 .text.lcd_init
                0x080012c4       0x56 ./Core/Src/I2CLCD.o
                0x080012c4                lcd_init
 .text.lcd_send_string
                0x0800131a       0x2a ./Core/Src/I2CLCD.o
                0x0800131a                lcd_send_string
 .text.lcd_put_cur
                0x08001344       0x3e ./Core/Src/I2CLCD.o
                0x08001344                lcd_put_cur
 .text.lcd_clear
                0x08001382       0x14 ./Core/Src/I2CLCD.o
                0x08001382                lcd_clear
 *fill*         0x08001396        0x2 
 .text.SHT31_SendCommand
                0x08001398       0x38 ./Core/Src/SHT3X.o
                0x08001398                SHT31_SendCommand
 .text.SHT31_Init
                0x080013d0       0x1c ./Core/Src/SHT3X.o
                0x080013d0                SHT31_Init
 .text.I2C_ResetBus
                0x080013ec       0x34 ./Core/Src/SHT3X.o
                0x080013ec                I2C_ResetBus
 .text.SHT31_StartMeasure
                0x08001420       0x10 ./Core/Src/SHT3X.o
                0x08001420                SHT31_StartMeasure
 .text.SHT31_GetResult
                0x08001430       0xe8 ./Core/Src/SHT3X.o
                0x08001430                SHT31_GetResult
 .text.MX_ADC1_Init
                0x08001518       0x7c ./Core/Src/adc.o
                0x08001518                MX_ADC1_Init
 .text.HAL_ADC_MspInit
                0x08001594       0x78 ./Core/Src/adc.o
                0x08001594                HAL_ADC_MspInit
 .text.MX_GPIO_Init
                0x0800160c       0x94 ./Core/Src/gpio.o
                0x0800160c                MX_GPIO_Init
 .text.MX_I2C1_Init
                0x080016a0       0x5c ./Core/Src/i2c.o
                0x080016a0                MX_I2C1_Init
 .text.HAL_I2C_MspInit
                0x080016fc       0x7c ./Core/Src/i2c.o
                0x080016fc                HAL_I2C_MspInit
 .text.RMS_UpdatePriority
                0x08001778       0xf8 ./Core/Src/main.o
                0x08001778                RMS_UpdatePriority
 .text.main     0x08001870      0x2a0 ./Core/Src/main.o
                0x08001870                main
 .text.SystemClock_Config
                0x08001b10       0xa0 ./Core/Src/main.o
                0x08001b10                SystemClock_Config
 .text.StartTaskSHT
                0x08001bb0       0xd8 ./Core/Src/main.o
                0x08001bb0                StartTaskSHT
 .text.StartTaskLCD
                0x08001c88       0xd4 ./Core/Src/main.o
                0x08001c88                StartTaskLCD
 .text.StartTaskUART
                0x08001d5c       0xd0 ./Core/Src/main.o
                0x08001d5c                StartTaskUART
 .text.StartTaskADC
                0x08001e2c       0xb0 ./Core/Src/main.o
                0x08001e2c                StartTaskADC
 .text.StartTaskDHT
                0x08001edc       0x90 ./Core/Src/main.o
                0x08001edc                StartTaskDHT
 .text.StartTaskCommand
                0x08001f6c      0x29c ./Core/Src/main.o
                0x08001f6c                StartTaskCommand
 .text.HAL_UART_RxCpltCallback
                0x08002208       0x94 ./Core/Src/main.o
                0x08002208                HAL_UART_RxCpltCallback
 .text.HAL_TIM_PeriodElapsedCallback
                0x0800229c       0x1e ./Core/Src/main.o
                0x0800229c                HAL_TIM_PeriodElapsedCallback
 .text.Error_Handler
                0x080022ba        0xc ./Core/Src/main.o
                0x080022ba                Error_Handler
 *fill*         0x080022c6        0x2 
 .text.HAL_MspInit
                0x080022c8       0x70 ./Core/Src/stm32f1xx_hal_msp.o
                0x080022c8                HAL_MspInit
 .text.HAL_InitTick
                0x08002338       0xf8 ./Core/Src/stm32f1xx_hal_timebase_tim.o
                0x08002338                HAL_InitTick
 .text.NMI_Handler
                0x08002430        0x8 ./Core/Src/stm32f1xx_it.o
                0x08002430                NMI_Handler
 .text.HardFault_Handler
                0x08002438        0x8 ./Core/Src/stm32f1xx_it.o
                0x08002438                HardFault_Handler
 .text.MemManage_Handler
                0x08002440        0x8 ./Core/Src/stm32f1xx_it.o
                0x08002440                MemManage_Handler
 .text.BusFault_Handler
                0x08002448        0x8 ./Core/Src/stm32f1xx_it.o
                0x08002448                BusFault_Handler
 .text.UsageFault_Handler
                0x08002450        0x8 ./Core/Src/stm32f1xx_it.o
                0x08002450                UsageFault_Handler
 .text.DebugMon_Handler
                0x08002458        0xc ./Core/Src/stm32f1xx_it.o
                0x08002458                DebugMon_Handler
 .text.TIM2_IRQHandler
                0x08002464       0x14 ./Core/Src/stm32f1xx_it.o
                0x08002464                TIM2_IRQHandler
 .text.USART1_IRQHandler
                0x08002478       0x14 ./Core/Src/stm32f1xx_it.o
                0x08002478                USART1_IRQHandler
 .text._getpid  0x0800248c        0xe ./Core/Src/syscalls.o
                0x0800248c                _getpid
 .text._kill    0x0800249a       0x20 ./Core/Src/syscalls.o
                0x0800249a                _kill
 .text._exit    0x080024ba       0x16 ./Core/Src/syscalls.o
                0x080024ba                _exit
 .text._read    0x080024d0       0x3a ./Core/Src/syscalls.o
                0x080024d0                _read
 .text._write   0x0800250a       0x38 ./Core/Src/syscalls.o
                0x0800250a                _write
 .text._close   0x08002542       0x16 ./Core/Src/syscalls.o
                0x08002542                _close
 .text._fstat   0x08002558       0x1e ./Core/Src/syscalls.o
                0x08002558                _fstat
 .text._isatty  0x08002576       0x14 ./Core/Src/syscalls.o
                0x08002576                _isatty
 .text._lseek   0x0800258a       0x18 ./Core/Src/syscalls.o
                0x0800258a                _lseek
 *fill*         0x080025a2        0x2 
 .text._sbrk    0x080025a4       0x6c ./Core/Src/sysmem.o
                0x080025a4                _sbrk
 .text.SystemInit
                0x08002610        0xc ./Core/Src/system_stm32f1xx.o
                0x08002610                SystemInit
 .text.MX_TIM1_Init
                0x0800261c       0xa0 ./Core/Src/tim.o
                0x0800261c                MX_TIM1_Init
 .text.HAL_TIM_Base_MspInit
                0x080026bc       0x3c ./Core/Src/tim.o
                0x080026bc                HAL_TIM_Base_MspInit
 .text.MX_USART1_UART_Init
                0x080026f8       0x54 ./Core/Src/usart.o
                0x080026f8                MX_USART1_UART_Init
 .text.HAL_UART_MspInit
                0x0800274c       0xa8 ./Core/Src/usart.o
                0x0800274c                HAL_UART_MspInit
 .text.Reset_Handler
                0x080027f4       0x48 ./Core/Startup/startup_stm32f103c8tx.o
                0x080027f4                Reset_Handler
 .text.Default_Handler
                0x0800283c        0x2 ./Core/Startup/startup_stm32f103c8tx.o
                0x0800283c                RTC_Alarm_IRQHandler
                0x0800283c                EXTI2_IRQHandler
                0x0800283c                TIM1_CC_IRQHandler
                0x0800283c                PVD_IRQHandler
                0x0800283c                EXTI3_IRQHandler
                0x0800283c                EXTI0_IRQHandler
                0x0800283c                I2C2_EV_IRQHandler
                0x0800283c                ADC1_2_IRQHandler
                0x0800283c                SPI1_IRQHandler
                0x0800283c                TAMPER_IRQHandler
                0x0800283c                DMA1_Channel4_IRQHandler
                0x0800283c                USART3_IRQHandler
                0x0800283c                RTC_IRQHandler
                0x0800283c                DMA1_Channel7_IRQHandler
                0x0800283c                CAN1_RX1_IRQHandler
                0x0800283c                TIM4_IRQHandler
                0x0800283c                I2C1_EV_IRQHandler
                0x0800283c                DMA1_Channel6_IRQHandler
                0x0800283c                TIM3_IRQHandler
                0x0800283c                RCC_IRQHandler
                0x0800283c                TIM1_TRG_COM_IRQHandler
                0x0800283c                DMA1_Channel1_IRQHandler
                0x0800283c                Default_Handler
                0x0800283c                EXTI15_10_IRQHandler
                0x0800283c                EXTI9_5_IRQHandler
                0x0800283c                SPI2_IRQHandler
                0x0800283c                DMA1_Channel5_IRQHandler
                0x0800283c                EXTI4_IRQHandler
                0x0800283c                USB_LP_CAN1_RX0_IRQHandler
                0x0800283c                USB_HP_CAN1_TX_IRQHandler
                0x0800283c                DMA1_Channel3_IRQHandler
                0x0800283c                TIM1_UP_IRQHandler
                0x0800283c                WWDG_IRQHandler
                0x0800283c                TIM1_BRK_IRQHandler
                0x0800283c                EXTI1_IRQHandler
                0x0800283c                USART2_IRQHandler
                0x0800283c                I2C2_ER_IRQHandler
                0x0800283c                DMA1_Channel2_IRQHandler
                0x0800283c                CAN1_SCE_IRQHandler
                0x0800283c                FLASH_IRQHandler
                0x0800283c                I2C1_ER_IRQHandler
                0x0800283c                USBWakeUp_IRQHandler
 *fill*         0x0800283e        0x2 
 .text.HAL_Init
                0x08002840       0x2c ./Drivers/STM32F1xx_HAL_Driver/Src/stm32f1xx_hal.o
                0x08002840                HAL_Init
 .text.HAL_IncTick
                0x0800286c       0x24 ./Drivers/STM32F1xx_HAL_Driver/Src/stm32f1xx_hal.o
                0x0800286c                HAL_IncTick
 .text.HAL_GetTick
                0x08002890       0x14 ./Drivers/STM32F1xx_HAL_Driver/Src/stm32f1xx_hal.o
                0x08002890                HAL_GetTick
 .text.HAL_Delay
                0x080028a4       0x48 ./Drivers/STM32F1xx_HAL_Driver/Src/stm32f1xx_hal.o
                0x080028a4                HAL_Delay
 .text.HAL_ADC_Init
                0x080028ec      0x1b0 ./Drivers/STM32F1xx_HAL_Driver/Src/stm32f1xx_hal_adc.o
                0x080028ec                HAL_ADC_Init
 .text.HAL_ADC_Start
                0x08002a9c      0x15c ./Drivers/STM32F1xx_HAL_Driver/Src/stm32f1xx_hal_adc.o
                0x08002a9c                HAL_ADC_Start
 .text.HAL_ADC_Stop
                0x08002bf8       0x58 ./Drivers/STM32F1xx_HAL_Driver/Src/stm32f1xx_hal_adc.o
                0x08002bf8                HAL_ADC_Stop
 .text.HAL_ADC_PollForConversion
                0x08002c50      0x20c ./Drivers/STM32F1xx_HAL_Driver/Src/stm32f1xx_hal_adc.o
                0x08002c50                HAL_ADC_PollForConversion
 .text.HAL_ADC_GetValue
                0x08002e5c       0x18 ./Drivers/STM32F1xx_HAL_Driver/Src/stm32f1xx_hal_adc.o
                0x08002e5c                HAL_ADC_GetValue
 .text.HAL_ADC_ConfigChannel
                0x08002e74      0x1f0 ./Drivers/STM32F1xx_HAL_Driver/Src/stm32f1xx_hal_adc.o
                0x08002e74                HAL_ADC_ConfigChannel
 .text.ADC_Enable
                0x08003064       0xb4 ./Drivers/STM32F1xx_HAL_Driver/Src/stm32f1xx_hal_adc.o
                0x08003064                ADC_Enable
 .text.ADC_ConversionStop_Disable
                0x08003118       0x82 ./Drivers/STM32F1xx_HAL_Driver/Src/stm32f1xx_hal_adc.o
                0x08003118                ADC_ConversionStop_Disable
 *fill*         0x0800319a        0x2 
 .text.HAL_ADCEx_Calibration_Start
                0x0800319c      0x15c ./Drivers/STM32F1xx_HAL_Driver/Src/stm32f1xx_hal_adc_ex.o
                0x0800319c                HAL_ADCEx_Calibration_Start
 .text.__NVIC_SetPriorityGrouping
                0x080032f8       0x48 ./Drivers/STM32F1xx_HAL_Driver/Src/stm32f1xx_hal_cortex.o
 .text.__NVIC_GetPriorityGrouping
                0x08003340       0x1c ./Drivers/STM32F1xx_HAL_Driver/Src/stm32f1xx_hal_cortex.o
 .text.__NVIC_EnableIRQ
                0x0800335c       0x38 ./Drivers/STM32F1xx_HAL_Driver/Src/stm32f1xx_hal_cortex.o
 .text.__NVIC_SetPriority
                0x08003394       0x54 ./Drivers/STM32F1xx_HAL_Driver/Src/stm32f1xx_hal_cortex.o
 .text.NVIC_EncodePriority
                0x080033e8       0x64 ./Drivers/STM32F1xx_HAL_Driver/Src/stm32f1xx_hal_cortex.o
 .text.HAL_NVIC_SetPriorityGrouping
                0x0800344c       0x16 ./Drivers/STM32F1xx_HAL_Driver/Src/stm32f1xx_hal_cortex.o
                0x0800344c                HAL_NVIC_SetPriorityGrouping
 .text.HAL_NVIC_SetPriority
                0x08003462       0x38 ./Drivers/STM32F1xx_HAL_Driver/Src/stm32f1xx_hal_cortex.o
                0x08003462                HAL_NVIC_SetPriority
 .text.HAL_NVIC_EnableIRQ
                0x0800349a       0x1c ./Drivers/STM32F1xx_HAL_Driver/Src/stm32f1xx_hal_cortex.o
                0x0800349a                HAL_NVIC_EnableIRQ
 .text.HAL_DMA_Abort
                0x080034b6       0x76 ./Drivers/STM32F1xx_HAL_Driver/Src/stm32f1xx_hal_dma.o
                0x080034b6                HAL_DMA_Abort
 .text.HAL_DMA_Abort_IT
                0x0800352c       0xf0 ./Drivers/STM32F1xx_HAL_Driver/Src/stm32f1xx_hal_dma.o
                0x0800352c                HAL_DMA_Abort_IT
 .text.HAL_GPIO_Init
                0x0800361c      0x308 ./Drivers/STM32F1xx_HAL_Driver/Src/stm32f1xx_hal_gpio.o
                0x0800361c                HAL_GPIO_Init
 .text.HAL_GPIO_ReadPin
                0x08003924       0x2e ./Drivers/STM32F1xx_HAL_Driver/Src/stm32f1xx_hal_gpio.o
                0x08003924                HAL_GPIO_ReadPin
 .text.HAL_GPIO_WritePin
                0x08003952       0x30 ./Drivers/STM32F1xx_HAL_Driver/Src/stm32f1xx_hal_gpio.o
                0x08003952                HAL_GPIO_WritePin
 *fill*         0x08003982        0x2 
 .text.HAL_I2C_Init
                0x08003984      0x288 ./Drivers/STM32F1xx_HAL_Driver/Src/stm32f1xx_hal_i2c.o
                0x08003984                HAL_I2C_Init
 .text.HAL_I2C_Master_Transmit
                0x08003c0c      0x1fc ./Drivers/STM32F1xx_HAL_Driver/Src/stm32f1xx_hal_i2c.o
                0x08003c0c                HAL_I2C_Master_Transmit
 .text.HAL_I2C_Master_Receive
                0x08003e08      0x4d8 ./Drivers/STM32F1xx_HAL_Driver/Src/stm32f1xx_hal_i2c.o
                0x08003e08                HAL_I2C_Master_Receive
 .text.I2C_MasterRequestWrite
                0x080042e0      0x104 ./Drivers/STM32F1xx_HAL_Driver/Src/stm32f1xx_hal_i2c.o
 .text.I2C_MasterRequestRead
                0x080043e4      0x19c ./Drivers/STM32F1xx_HAL_Driver/Src/stm32f1xx_hal_i2c.o
 .text.I2C_WaitOnFlagUntilTimeout
                0x08004580       0xf4 ./Drivers/STM32F1xx_HAL_Driver/Src/stm32f1xx_hal_i2c.o
 .text.I2C_WaitOnMasterAddressFlagUntilTimeout
                0x08004674      0x140 ./Drivers/STM32F1xx_HAL_Driver/Src/stm32f1xx_hal_i2c.o
 .text.I2C_WaitOnTXEFlagUntilTimeout
                0x080047b4       0x90 ./Drivers/STM32F1xx_HAL_Driver/Src/stm32f1xx_hal_i2c.o
 .text.I2C_WaitOnBTFFlagUntilTimeout
                0x08004844       0x90 ./Drivers/STM32F1xx_HAL_Driver/Src/stm32f1xx_hal_i2c.o
 .text.I2C_WaitOnRXNEFlagUntilTimeout
                0x080048d4       0xba ./Drivers/STM32F1xx_HAL_Driver/Src/stm32f1xx_hal_i2c.o
 .text.I2C_IsAcknowledgeFailed
                0x0800498e       0x5c ./Drivers/STM32F1xx_HAL_Driver/Src/stm32f1xx_hal_i2c.o
 *fill*         0x080049ea        0x2 
 .text.HAL_RCC_OscConfig
                0x080049ec      0x504 ./Drivers/STM32F1xx_HAL_Driver/Src/stm32f1xx_hal_rcc.o
                0x080049ec                HAL_RCC_OscConfig
 .text.HAL_RCC_ClockConfig
                0x08004ef0      0x1d4 ./Drivers/STM32F1xx_HAL_Driver/Src/stm32f1xx_hal_rcc.o
                0x08004ef0                HAL_RCC_ClockConfig
 .text.HAL_RCC_GetSysClockFreq
                0x080050c4       0xa8 ./Drivers/STM32F1xx_HAL_Driver/Src/stm32f1xx_hal_rcc.o
                0x080050c4                HAL_RCC_GetSysClockFreq
 .text.HAL_RCC_GetHCLKFreq
                0x0800516c       0x14 ./Drivers/STM32F1xx_HAL_Driver/Src/stm32f1xx_hal_rcc.o
                0x0800516c                HAL_RCC_GetHCLKFreq
 .text.HAL_RCC_GetPCLK1Freq
                0x08005180       0x28 ./Drivers/STM32F1xx_HAL_Driver/Src/stm32f1xx_hal_rcc.o
                0x08005180                HAL_RCC_GetPCLK1Freq
 .text.HAL_RCC_GetPCLK2Freq
                0x080051a8       0x28 ./Drivers/STM32F1xx_HAL_Driver/Src/stm32f1xx_hal_rcc.o
                0x080051a8                HAL_RCC_GetPCLK2Freq
 .text.HAL_RCC_GetClockConfig
                0x080051d0       0x60 ./Drivers/STM32F1xx_HAL_Driver/Src/stm32f1xx_hal_rcc.o
                0x080051d0                HAL_RCC_GetClockConfig
 .text.RCC_Delay
                0x08005230       0x3c ./Drivers/STM32F1xx_HAL_Driver/Src/stm32f1xx_hal_rcc.o
 .text.HAL_RCCEx_PeriphCLKConfig
                0x0800526c      0x16c ./Drivers/STM32F1xx_HAL_Driver/Src/stm32f1xx_hal_rcc_ex.o
                0x0800526c                HAL_RCCEx_PeriphCLKConfig
 .text.HAL_RCCEx_GetPeriphCLKFreq
                0x080053d8      0x16c ./Drivers/STM32F1xx_HAL_Driver/Src/stm32f1xx_hal_rcc_ex.o
                0x080053d8                HAL_RCCEx_GetPeriphCLKFreq
 .text.HAL_TIM_Base_Init
                0x08005544       0x9e ./Drivers/STM32F1xx_HAL_Driver/Src/stm32f1xx_hal_tim.o
                0x08005544                HAL_TIM_Base_Init
 *fill*         0x080055e2        0x2 
 .text.HAL_TIM_Base_Start
                0x080055e4       0x94 ./Drivers/STM32F1xx_HAL_Driver/Src/stm32f1xx_hal_tim.o
                0x080055e4                HAL_TIM_Base_Start
 .text.HAL_TIM_Base_Start_IT
                0x08005678       0xa4 ./Drivers/STM32F1xx_HAL_Driver/Src/stm32f1xx_hal_tim.o
                0x08005678                HAL_TIM_Base_Start_IT
 .text.HAL_TIM_IRQHandler
                0x0800571c      0x1e0 ./Drivers/STM32F1xx_HAL_Driver/Src/stm32f1xx_hal_tim.o
                0x0800571c                HAL_TIM_IRQHandler
 .text.HAL_TIM_ConfigClockSource
                0x080058fc      0x18e ./Drivers/STM32F1xx_HAL_Driver/Src/stm32f1xx_hal_tim.o
                0x080058fc                HAL_TIM_ConfigClockSource
 .text.HAL_TIM_OC_DelayElapsedCallback
                0x08005a8a       0x12 ./Drivers/STM32F1xx_HAL_Driver/Src/stm32f1xx_hal_tim.o
                0x08005a8a                HAL_TIM_OC_DelayElapsedCallback
 .text.HAL_TIM_IC_CaptureCallback
                0x08005a9c       0x12 ./Drivers/STM32F1xx_HAL_Driver/Src/stm32f1xx_hal_tim.o
                0x08005a9c                HAL_TIM_IC_CaptureCallback
 .text.HAL_TIM_PWM_PulseFinishedCallback
                0x08005aae       0x12 ./Drivers/STM32F1xx_HAL_Driver/Src/stm32f1xx_hal_tim.o
                0x08005aae                HAL_TIM_PWM_PulseFinishedCallback
 .text.HAL_TIM_TriggerCallback
                0x08005ac0       0x12 ./Drivers/STM32F1xx_HAL_Driver/Src/stm32f1xx_hal_tim.o
                0x08005ac0                HAL_TIM_TriggerCallback
 *fill*         0x08005ad2        0x2 
 .text.TIM_Base_SetConfig
                0x08005ad4       0xdc ./Drivers/STM32F1xx_HAL_Driver/Src/stm32f1xx_hal_tim.o
                0x08005ad4                TIM_Base_SetConfig
 .text.TIM_TI1_ConfigInputStage
                0x08005bb0       0x5c ./Drivers/STM32F1xx_HAL_Driver/Src/stm32f1xx_hal_tim.o
 .text.TIM_TI2_ConfigInputStage
                0x08005c0c       0x5e ./Drivers/STM32F1xx_HAL_Driver/Src/stm32f1xx_hal_tim.o
 .text.TIM_ITRx_SetConfig
                0x08005c6a       0x34 ./Drivers/STM32F1xx_HAL_Driver/Src/stm32f1xx_hal_tim.o
 .text.TIM_ETR_SetConfig
                0x08005c9e       0x3e ./Drivers/STM32F1xx_HAL_Driver/Src/stm32f1xx_hal_tim.o
                0x08005c9e                TIM_ETR_SetConfig
 .text.HAL_TIMEx_MasterConfigSynchronization
                0x08005cdc       0xbc ./Drivers/STM32F1xx_HAL_Driver/Src/stm32f1xx_hal_tim_ex.o
                0x08005cdc                HAL_TIMEx_MasterConfigSynchronization
 .text.HAL_TIMEx_CommutCallback
                0x08005d98       0x12 ./Drivers/STM32F1xx_HAL_Driver/Src/stm32f1xx_hal_tim_ex.o
                0x08005d98                HAL_TIMEx_CommutCallback
 .text.HAL_TIMEx_BreakCallback
                0x08005daa       0x12 ./Drivers/STM32F1xx_HAL_Driver/Src/stm32f1xx_hal_tim_ex.o
                0x08005daa                HAL_TIMEx_BreakCallback
 .text.HAL_UART_Init
                0x08005dbc       0xa0 ./Drivers/STM32F1xx_HAL_Driver/Src/stm32f1xx_hal_uart.o
                0x08005dbc                HAL_UART_Init
 .text.HAL_UART_Transmit
                0x08005e5c      0x116 ./Drivers/STM32F1xx_HAL_Driver/Src/stm32f1xx_hal_uart.o
                0x08005e5c                HAL_UART_Transmit
 .text.HAL_UART_Receive_IT
                0x08005f72       0x4a ./Drivers/STM32F1xx_HAL_Driver/Src/stm32f1xx_hal_uart.o
                0x08005f72                HAL_UART_Receive_IT
 .text.HAL_UART_IRQHandler
                0x08005fbc      0x524 ./Drivers/STM32F1xx_HAL_Driver/Src/stm32f1xx_hal_uart.o
                0x08005fbc                HAL_UART_IRQHandler
 .text.HAL_UART_TxCpltCallback
                0x080064e0       0x12 ./Drivers/STM32F1xx_HAL_Driver/Src/stm32f1xx_hal_uart.o
                0x080064e0                HAL_UART_TxCpltCallback
 .text.HAL_UART_ErrorCallback
                0x080064f2       0x12 ./Drivers/STM32F1xx_HAL_Driver/Src/stm32f1xx_hal_uart.o
                0x080064f2                HAL_UART_ErrorCallback
 .text.HAL_UARTEx_RxEventCallback
                0x08006504       0x16 ./Drivers/STM32F1xx_HAL_Driver/Src/stm32f1xx_hal_uart.o
                0x08006504                HAL_UARTEx_RxEventCallback
 .text.UART_WaitOnFlagUntilTimeout
                0x0800651a       0xb2 ./Drivers/STM32F1xx_HAL_Driver/Src/stm32f1xx_hal_uart.o
 .text.UART_Start_Receive_IT
                0x080065cc       0x72 ./Drivers/STM32F1xx_HAL_Driver/Src/stm32f1xx_hal_uart.o
                0x080065cc                UART_Start_Receive_IT
 .text.UART_EndRxTransfer
                0x0800663e       0xc4 ./Drivers/STM32F1xx_HAL_Driver/Src/stm32f1xx_hal_uart.o
 .text.UART_DMAAbortOnError
                0x08006702       0x28 ./Drivers/STM32F1xx_HAL_Driver/Src/stm32f1xx_hal_uart.o
 .text.UART_Transmit_IT
                0x0800672a       0x9e ./Drivers/STM32F1xx_HAL_Driver/Src/stm32f1xx_hal_uart.o
 .text.UART_EndTransmit_IT
                0x080067c8       0x30 ./Drivers/STM32F1xx_HAL_Driver/Src/stm32f1xx_hal_uart.o
 .text.UART_Receive_IT
                0x080067f8      0x17c ./Drivers/STM32F1xx_HAL_Driver/Src/stm32f1xx_hal_uart.o
 .text.UART_SetConfig
                0x08006974      0x11c ./Drivers/STM32F1xx_HAL_Driver/Src/stm32f1xx_hal_uart.o
 .text.__NVIC_SetPriority
                0x08006a90       0x54 ./Middlewares/Third_Party/FreeRTOS/Source/CMSIS_RTOS_V2/cmsis_os2.o
 .text.SysTick_Handler
                0x08006ae4       0x20 ./Middlewares/Third_Party/FreeRTOS/Source/CMSIS_RTOS_V2/cmsis_os2.o
                0x08006ae4                SysTick_Handler
 .text.SVC_Setup
                0x08006b04       0x12 ./Middlewares/Third_Party/FreeRTOS/Source/CMSIS_RTOS_V2/cmsis_os2.o
 *fill*         0x08006b16        0x2 
 .text.osKernelInitialize
                0x08006b18       0x44 ./Middlewares/Third_Party/FreeRTOS/Source/CMSIS_RTOS_V2/cmsis_os2.o
                0x08006b18                osKernelInitialize
 .text.osKernelStart
                0x08006b5c       0x4c ./Middlewares/Third_Party/FreeRTOS/Source/CMSIS_RTOS_V2/cmsis_os2.o
                0x08006b5c                osKernelStart
 .text.osKernelGetTickCount
                0x08006ba8       0x2a ./Middlewares/Third_Party/FreeRTOS/Source/CMSIS_RTOS_V2/cmsis_os2.o
                0x08006ba8                osKernelGetTickCount
 .text.osThreadNew
                0x08006bd2      0x124 ./Middlewares/Third_Party/FreeRTOS/Source/CMSIS_RTOS_V2/cmsis_os2.o
                0x08006bd2                osThreadNew
 .text.osThreadSetPriority
                0x08006cf6       0x54 ./Middlewares/Third_Party/FreeRTOS/Source/CMSIS_RTOS_V2/cmsis_os2.o
                0x08006cf6                osThreadSetPriority
 .text.osThreadSuspend
                0x08006d4a       0x42 ./Middlewares/Third_Party/FreeRTOS/Source/CMSIS_RTOS_V2/cmsis_os2.o
                0x08006d4a                osThreadSuspend
 .text.osThreadResume
                0x08006d8c       0x42 ./Middlewares/Third_Party/FreeRTOS/Source/CMSIS_RTOS_V2/cmsis_os2.o
                0x08006d8c                osThreadResume
 .text.osDelay  0x08006dce       0x36 ./Middlewares/Third_Party/FreeRTOS/Source/CMSIS_RTOS_V2/cmsis_os2.o
                0x08006dce                osDelay
 .text.osDelayUntil
                0x08006e04       0x5a ./Middlewares/Third_Party/FreeRTOS/Source/CMSIS_RTOS_V2/cmsis_os2.o
                0x08006e04                osDelayUntil
 .text.osEventFlagsNew
                0x08006e5e       0x7e ./Middlewares/Third_Party/FreeRTOS/Source/CMSIS_RTOS_V2/cmsis_os2.o
                0x08006e5e                osEventFlagsNew
 .text.osMutexNew
                0x08006edc      0x10c ./Middlewares/Third_Party/FreeRTOS/Source/CMSIS_RTOS_V2/cmsis_os2.o
                0x08006edc                osMutexNew
 .text.osMutexAcquire
                0x08006fe8       0x96 ./Middlewares/Third_Party/FreeRTOS/Source/CMSIS_RTOS_V2/cmsis_os2.o
                0x08006fe8                osMutexAcquire
 .text.osMutexRelease
                0x0800707e       0x7a ./Middlewares/Third_Party/FreeRTOS/Source/CMSIS_RTOS_V2/cmsis_os2.o
                0x0800707e                osMutexRelease
 .text.osMessageQueueNew
                0x080070f8       0xe6 ./Middlewares/Third_Party/FreeRTOS/Source/CMSIS_RTOS_V2/cmsis_os2.o
                0x080070f8                osMessageQueueNew
 *fill*         0x080071de        0x2 
 .text.osMessageQueuePut
                0x080071e0       0xc0 ./Middlewares/Third_Party/FreeRTOS/Source/CMSIS_RTOS_V2/cmsis_os2.o
                0x080071e0                osMessageQueuePut
 .text.osMessageQueueGet
                0x080072a0       0xbc ./Middlewares/Third_Party/FreeRTOS/Source/CMSIS_RTOS_V2/cmsis_os2.o
                0x080072a0                osMessageQueueGet
 .text.vApplicationGetIdleTaskMemory
                0x0800735c       0x30 ./Middlewares/Third_Party/FreeRTOS/Source/CMSIS_RTOS_V2/cmsis_os2.o
                0x0800735c                vApplicationGetIdleTaskMemory
 .text.vApplicationGetTimerTaskMemory
                0x0800738c       0x34 ./Middlewares/Third_Party/FreeRTOS/Source/CMSIS_RTOS_V2/cmsis_os2.o
                0x0800738c                vApplicationGetTimerTaskMemory
 .text.xEventGroupCreateStatic
                0x080073c0       0x72 ./Middlewares/Third_Party/FreeRTOS/Source/event_groups.o
                0x080073c0                xEventGroupCreateStatic
 .text.xEventGroupCreate
                0x08007432       0x34 ./Middlewares/Third_Party/FreeRTOS/Source/event_groups.o
                0x08007432                xEventGroupCreate
 .text.vListInitialise
                0x08007466       0x3e ./Middlewares/Third_Party/FreeRTOS/Source/list.o
                0x08007466                vListInitialise
 .text.vListInitialiseItem
                0x080074a4       0x18 ./Middlewares/Third_Party/FreeRTOS/Source/list.o
                0x080074a4                vListInitialiseItem
 .text.vListInsertEnd
                0x080074bc       0x46 ./Middlewares/Third_Party/FreeRTOS/Source/list.o
                0x080074bc                vListInsertEnd
 .text.vListInsert
                0x08007502       0x70 ./Middlewares/Third_Party/FreeRTOS/Source/list.o
                0x08007502                vListInsert
 .text.uxListRemove
                0x08007572       0x52 ./Middlewares/Third_Party/FreeRTOS/Source/list.o
                0x08007572                uxListRemove
 .text.xQueueGenericReset
                0x080075c4       0xd4 ./Middlewares/Third_Party/FreeRTOS/Source/queue.o
                0x080075c4                xQueueGenericReset
 .text.xQueueGenericCreateStatic
                0x08007698       0xfa ./Middlewares/Third_Party/FreeRTOS/Source/queue.o
                0x08007698                xQueueGenericCreateStatic
 .text.xQueueGenericCreate
                0x08007792       0x76 ./Middlewares/Third_Party/FreeRTOS/Source/queue.o
                0x08007792                xQueueGenericCreate
 .text.prvInitialiseNewQueue
                0x08007808       0x46 ./Middlewares/Third_Party/FreeRTOS/Source/queue.o
 .text.prvInitialiseMutex
                0x0800784e       0x34 ./Middlewares/Third_Party/FreeRTOS/Source/queue.o
 .text.xQueueCreateMutex
                0x08007882       0x30 ./Middlewares/Third_Party/FreeRTOS/Source/queue.o
                0x08007882                xQueueCreateMutex
 .text.xQueueCreateMutexStatic
                0x080078b2       0x36 ./Middlewares/Third_Party/FreeRTOS/Source/queue.o
                0x080078b2                xQueueCreateMutexStatic
 .text.xQueueGiveMutexRecursive
                0x080078e8       0x6a ./Middlewares/Third_Party/FreeRTOS/Source/queue.o
                0x080078e8                xQueueGiveMutexRecursive
 .text.xQueueTakeMutexRecursive
                0x08007952       0x6e ./Middlewares/Third_Party/FreeRTOS/Source/queue.o
                0x08007952                xQueueTakeMutexRecursive
 .text.xQueueGenericSend
                0x080079c0      0x204 ./Middlewares/Third_Party/FreeRTOS/Source/queue.o
                0x080079c0                xQueueGenericSend
 .text.xQueueGenericSendFromISR
                0x08007bc4      0x13c ./Middlewares/Third_Party/FreeRTOS/Source/queue.o
                0x08007bc4                xQueueGenericSendFromISR
 .text.xQueueReceive
                0x08007d00      0x1c4 ./Middlewares/Third_Party/FreeRTOS/Source/queue.o
                0x08007d00                xQueueReceive
 .text.xQueueSemaphoreTake
                0x08007ec4      0x220 ./Middlewares/Third_Party/FreeRTOS/Source/queue.o
                0x08007ec4                xQueueSemaphoreTake
 .text.xQueuePeek
                0x080080e4      0x1c8 ./Middlewares/Third_Party/FreeRTOS/Source/queue.o
                0x080080e4                xQueuePeek
 .text.xQueueReceiveFromISR
                0x080082ac      0x104 ./Middlewares/Third_Party/FreeRTOS/Source/queue.o
                0x080082ac                xQueueReceiveFromISR
 .text.prvGetDisinheritPriorityAfterTimeout
                0x080083b0       0x2e ./Middlewares/Third_Party/FreeRTOS/Source/queue.o
 .text.prvCopyDataToQueue
                0x080083de       0xd4 ./Middlewares/Third_Party/FreeRTOS/Source/queue.o
 .text.prvCopyDataFromQueue
                0x080084b2       0x4c ./Middlewares/Third_Party/FreeRTOS/Source/queue.o
 .text.prvUnlockQueue
                0x080084fe       0xa4 ./Middlewares/Third_Party/FreeRTOS/Source/queue.o
 .text.prvIsQueueEmpty
                0x080085a2       0x2c ./Middlewares/Third_Party/FreeRTOS/Source/queue.o
 .text.prvIsQueueFull
                0x080085ce       0x30 ./Middlewares/Third_Party/FreeRTOS/Source/queue.o
 *fill*         0x080085fe        0x2 
 .text.vQueueAddToRegistry
                0x08008600       0x50 ./Middlewares/Third_Party/FreeRTOS/Source/queue.o
                0x08008600                vQueueAddToRegistry
 .text.vQueueWaitForMessageRestricted
                0x08008650       0x68 ./Middlewares/Third_Party/FreeRTOS/Source/queue.o
                0x08008650                vQueueWaitForMessageRestricted
 .text.xTaskCreateStatic
                0x080086b8       0xc0 ./Middlewares/Third_Party/FreeRTOS/Source/tasks.o
                0x080086b8                xTaskCreateStatic
 .text.xTaskCreate
                0x08008778       0x8a ./Middlewares/Third_Party/FreeRTOS/Source/tasks.o
                0x08008778                xTaskCreate
 *fill*         0x08008802        0x2 
 .text.prvInitialiseNewTask
                0x08008804      0x150 ./Middlewares/Third_Party/FreeRTOS/Source/tasks.o
 .text.prvAddNewTaskToReadyList
                0x08008954       0xe0 ./Middlewares/Third_Party/FreeRTOS/Source/tasks.o
 .text.vTaskDelayUntil
                0x08008a34      0x100 ./Middlewares/Third_Party/FreeRTOS/Source/tasks.o
                0x08008a34                vTaskDelayUntil
 .text.vTaskDelay
                0x08008b34       0x6c ./Middlewares/Third_Party/FreeRTOS/Source/tasks.o
                0x08008b34                vTaskDelay
 .text.vTaskPrioritySet
                0x08008ba0      0x13c ./Middlewares/Third_Party/FreeRTOS/Source/tasks.o
                0x08008ba0                vTaskPrioritySet
 .text.vTaskSuspend
                0x08008cdc       0xec ./Middlewares/Third_Party/FreeRTOS/Source/tasks.o
                0x08008cdc                vTaskSuspend
 .text.prvTaskIsTaskSuspended
                0x08008dc8       0x64 ./Middlewares/Third_Party/FreeRTOS/Source/tasks.o
 .text.vTaskResume
                0x08008e2c       0xc0 ./Middlewares/Third_Party/FreeRTOS/Source/tasks.o
                0x08008e2c                vTaskResume
 .text.vTaskStartScheduler
                0x08008eec       0xe0 ./Middlewares/Third_Party/FreeRTOS/Source/tasks.o
                0x08008eec                vTaskStartScheduler
 .text.vTaskSuspendAll
                0x08008fcc       0x1c ./Middlewares/Third_Party/FreeRTOS/Source/tasks.o
                0x08008fcc                vTaskSuspendAll
 .text.xTaskResumeAll
                0x08008fe8      0x13c ./Middlewares/Third_Party/FreeRTOS/Source/tasks.o
                0x08008fe8                xTaskResumeAll
 .text.xTaskGetTickCount
                0x08009124       0x1c ./Middlewares/Third_Party/FreeRTOS/Source/tasks.o
                0x08009124                xTaskGetTickCount
 .text.xTaskGetTickCountFromISR
                0x08009140       0x24 ./Middlewares/Third_Party/FreeRTOS/Source/tasks.o
                0x08009140                xTaskGetTickCountFromISR
 .text.xTaskIncrementTick
                0x08009164      0x174 ./Middlewares/Third_Party/FreeRTOS/Source/tasks.o
                0x08009164                xTaskIncrementTick
 .text.vTaskSwitchContext
                0x080092d8       0xc8 ./Middlewares/Third_Party/FreeRTOS/Source/tasks.o
                0x080092d8                vTaskSwitchContext
 .text.vTaskPlaceOnEventList
                0x080093a0       0x4c ./Middlewares/Third_Party/FreeRTOS/Source/tasks.o
                0x080093a0                vTaskPlaceOnEventList
 .text.vTaskPlaceOnEventListRestricted
                0x080093ec       0x58 ./Middlewares/Third_Party/FreeRTOS/Source/tasks.o
                0x080093ec                vTaskPlaceOnEventListRestricted
 .text.xTaskRemoveFromEventList
                0x08009444       0xc8 ./Middlewares/Third_Party/FreeRTOS/Source/tasks.o
                0x08009444                xTaskRemoveFromEventList
 .text.vTaskInternalSetTimeOutState
                0x0800950c       0x2c ./Middlewares/Third_Party/FreeRTOS/Source/tasks.o
                0x0800950c                vTaskInternalSetTimeOutState
 .text.xTaskCheckForTimeOut
                0x08009538       0xc8 ./Middlewares/Third_Party/FreeRTOS/Source/tasks.o
                0x08009538                xTaskCheckForTimeOut
 .text.vTaskMissedYield
                0x08009600       0x18 ./Middlewares/Third_Party/FreeRTOS/Source/tasks.o
                0x08009600                vTaskMissedYield
 .text.prvIdleTask
                0x08009618       0x30 ./Middlewares/Third_Party/FreeRTOS/Source/tasks.o
 .text.prvInitialiseTaskLists
                0x08009648       0x80 ./Middlewares/Third_Party/FreeRTOS/Source/tasks.o
 .text.prvCheckTasksWaitingTermination
                0x080096c8       0x5c ./Middlewares/Third_Party/FreeRTOS/Source/tasks.o
 .text.prvDeleteTCB
                0x08009724       0x6a ./Middlewares/Third_Party/FreeRTOS/Source/tasks.o
 *fill*         0x0800978e        0x2 
 .text.prvResetNextTaskUnblockTime
                0x08009790       0x40 ./Middlewares/Third_Party/FreeRTOS/Source/tasks.o
 .text.xTaskGetCurrentTaskHandle
                0x080097d0       0x1c ./Middlewares/Third_Party/FreeRTOS/Source/tasks.o
                0x080097d0                xTaskGetCurrentTaskHandle
 .text.xTaskGetSchedulerState
                0x080097ec       0x3c ./Middlewares/Third_Party/FreeRTOS/Source/tasks.o
                0x080097ec                xTaskGetSchedulerState
 .text.xTaskPriorityInherit
                0x08009828       0xd0 ./Middlewares/Third_Party/FreeRTOS/Source/tasks.o
                0x08009828                xTaskPriorityInherit
 .text.xTaskPriorityDisinherit
                0x080098f8       0xe0 ./Middlewares/Third_Party/FreeRTOS/Source/tasks.o
                0x080098f8                xTaskPriorityDisinherit
 .text.vTaskPriorityDisinheritAfterTimeout
                0x080099d8      0x108 ./Middlewares/Third_Party/FreeRTOS/Source/tasks.o
                0x080099d8                vTaskPriorityDisinheritAfterTimeout
 .text.pvTaskIncrementMutexHeldCount
                0x08009ae0       0x28 ./Middlewares/Third_Party/FreeRTOS/Source/tasks.o
                0x08009ae0                pvTaskIncrementMutexHeldCount
 .text.ulTaskNotifyTake
                0x08009b08       0x98 ./Middlewares/Third_Party/FreeRTOS/Source/tasks.o
                0x08009b08                ulTaskNotifyTake
 .text.vTaskNotifyGiveFromISR
                0x08009ba0      0x12c ./Middlewares/Third_Party/FreeRTOS/Source/tasks.o
                0x08009ba0                vTaskNotifyGiveFromISR
 .text.prvAddCurrentTaskToDelayedList
                0x08009ccc       0xa8 ./Middlewares/Third_Party/FreeRTOS/Source/tasks.o
 .text.xTimerCreateTimerTask
                0x08009d74       0x94 ./Middlewares/Third_Party/FreeRTOS/Source/timers.o
                0x08009d74                xTimerCreateTimerTask
 .text.xTimerGenericCommand
                0x08009e08       0x9c ./Middlewares/Third_Party/FreeRTOS/Source/timers.o
                0x08009e08                xTimerGenericCommand
 .text.prvProcessExpiredTimer
                0x08009ea4       0x9c ./Middlewares/Third_Party/FreeRTOS/Source/timers.o
 .text.prvTimerTask
                0x08009f40       0x26 ./Middlewares/Third_Party/FreeRTOS/Source/timers.o
 *fill*         0x08009f66        0x2 
 .text.prvProcessTimerOrBlockTask
                0x08009f68       0x9c ./Middlewares/Third_Party/FreeRTOS/Source/timers.o
 .text.prvGetNextExpireTime
                0x0800a004       0x44 ./Middlewares/Third_Party/FreeRTOS/Source/timers.o
 .text.prvSampleTimeNow
                0x0800a048       0x40 ./Middlewares/Third_Party/FreeRTOS/Source/timers.o
 .text.prvInsertTimerInActiveList
                0x0800a088       0x84 ./Middlewares/Third_Party/FreeRTOS/Source/timers.o
 .text.prvProcessReceivedCommands
                0x0800a10c      0x1cc ./Middlewares/Third_Party/FreeRTOS/Source/timers.o
 .text.prvSwitchTimerLists
                0x0800a2d8       0xcc ./Middlewares/Third_Party/FreeRTOS/Source/timers.o
 .text.prvCheckForValidListAndQueue
                0x0800a3a4       0x80 ./Middlewares/Third_Party/FreeRTOS/Source/timers.o
 .text.pxPortInitialiseStack
                0x0800a424       0x58 ./Middlewares/Third_Party/FreeRTOS/Source/portable/GCC/ARM_CM3/port.o
                0x0800a424                pxPortInitialiseStack
 .text.prvTaskExitError
                0x0800a47c       0x58 ./Middlewares/Third_Party/FreeRTOS/Source/portable/GCC/ARM_CM3/port.o
 *fill*         0x0800a4d4        0xc 
 .text.SVC_Handler
                0x0800a4e0       0x28 ./Middlewares/Third_Party/FreeRTOS/Source/portable/GCC/ARM_CM3/port.o
                0x0800a4e0                SVC_Handler
 .text.prvPortStartFirstTask
                0x0800a508       0x20 ./Middlewares/Third_Party/FreeRTOS/Source/portable/GCC/ARM_CM3/port.o
 .text.xPortStartScheduler
                0x0800a528       0xe4 ./Middlewares/Third_Party/FreeRTOS/Source/portable/GCC/ARM_CM3/port.o
                0x0800a528                xPortStartScheduler
 .text.vPortEnterCritical
                0x0800a60c       0x60 ./Middlewares/Third_Party/FreeRTOS/Source/portable/GCC/ARM_CM3/port.o
                0x0800a60c                vPortEnterCritical
 .text.vPortExitCritical
                0x0800a66c       0x54 ./Middlewares/Third_Party/FreeRTOS/Source/portable/GCC/ARM_CM3/port.o
                0x0800a66c                vPortExitCritical
 .text.PendSV_Handler
                0x0800a6c0       0x48 ./Middlewares/Third_Party/FreeRTOS/Source/portable/GCC/ARM_CM3/port.o
                0x0800a6c0                PendSV_Handler
 .text.xPortSysTickHandler
                0x0800a708       0x44 ./Middlewares/Third_Party/FreeRTOS/Source/portable/GCC/ARM_CM3/port.o
                0x0800a708                xPortSysTickHandler
 .text.vPortSetupTimerInterrupt
                0x0800a74c       0x44 ./Middlewares/Third_Party/FreeRTOS/Source/portable/GCC/ARM_CM3/port.o
                0x0800a74c                vPortSetupTimerInterrupt
 .text.vPortValidateInterruptPriority
                0x0800a790       0x80 ./Middlewares/Third_Party/FreeRTOS/Source/portable/GCC/ARM_CM3/port.o
                0x0800a790                vPortValidateInterruptPriority
 .text.pvPortMalloc
                0x0800a810      0x19c ./Middlewares/Third_Party/FreeRTOS/Source/portable/MemMang/heap_4.o
                0x0800a810                pvPortMalloc
 .text.vPortFree
                0x0800a9ac       0xc8 ./Middlewares/Third_Party/FreeRTOS/Source/portable/MemMang/heap_4.o
                0x0800a9ac                vPortFree
 .text.prvHeapInit
                0x0800aa74       0xc4 ./Middlewares/Third_Party/FreeRTOS/Source/portable/MemMang/heap_4.o
 .text.prvInsertBlockIntoFreeList
                0x0800ab38       0xb0 ./Middlewares/Third_Party/FreeRTOS/Source/portable/MemMang/heap_4.o
 .text.__cvt    0x0800abe8       0xc8 D:/STM32/STM32CubeIDE_1.19.0/STM32CubeIDE/plugins/com.st.stm32cube.ide.mcu.externaltools.gnu-tools-for-stm32.13.3.rel1.win32_1.0.100.202509120712/tools/bin/../lib/gcc/arm-none-eabi/13.3.1/../../../../arm-none-eabi/lib/thumb/v7-m/nofp\libc_nano.a(libc_a-nano-vfprintf_float.o)
                0x0800abe8                __cvt
 .text.__exponent
                0x0800acb0       0x74 D:/STM32/STM32CubeIDE_1.19.0/STM32CubeIDE/plugins/com.st.stm32cube.ide.mcu.externaltools.gnu-tools-for-stm32.13.3.rel1.win32_1.0.100.202509120712/tools/bin/../lib/gcc/arm-none-eabi/13.3.1/../../../../arm-none-eabi/lib/thumb/v7-m/nofp\libc_nano.a(libc_a-nano-vfprintf_float.o)
                0x0800acb0                __exponent
 .text._printf_float
                0x0800ad24      0x458 D:/STM32/STM32CubeIDE_1.19.0/STM32CubeIDE/plugins/com.st.stm32cube.ide.mcu.externaltools.gnu-tools-for-stm32.13.3.rel1.win32_1.0.100.202509120712/tools/bin/../lib/gcc/arm-none-eabi/13.3.1/../../../../arm-none-eabi/lib/thumb/v7-m/nofp\libc_nano.a(libc_a-nano-vfprintf_float.o)
                0x0800ad24                _printf_float
 .text._printf_common
                0x0800b17c       0xe4 D:/STM32/STM32CubeIDE_1.19.0/STM32CubeIDE/plugins/com.st.stm32cube.ide.mcu.externaltools.gnu-tools-for-stm32.13.3.rel1.win32_1.0.100.202509120712/tools/bin/../lib/gcc/arm-none-eabi/13.3.1/../../../../arm-none-eabi/lib/thumb/v7-m/nofp\libc_nano.a(libc_a-nano-vfprintf_i.o)
                0x0800b17c                _printf_common
 .text._printf_i
                0x0800b260      0x23c D:/STM32/STM32CubeIDE_1.19.0/STM32CubeIDE/plugins/com.st.stm32cube.ide.mcu.externaltools.gnu-tools-for-stm32.13.3.rel1.win32_1.0.100.202509120712/tools/bin/../lib/gcc/arm-none-eabi/13.3.1/../../../../arm-none-eabi/lib/thumb/v7-m/nofp\libc_nano.a(libc_a-nano-vfprintf_i.o)
                0x0800b260                _printf_i
 .text.std      0x0800b49c       0x6c D:/STM32/STM32CubeIDE_1.19.0/STM32CubeIDE/plugins/com.st.stm32cube.ide.mcu.externaltools.gnu-tools-for-stm32.13.3.rel1.win32_1.0.100.202509120712/tools/bin/../lib/gcc/arm-none-eabi/13.3.1/../../../../arm-none-eabi/lib/thumb/v7-m/nofp\libc_nano.a(libc_a-findfp.o)
 .text.stdio_exit_handler
                0x0800b508       0x18 D:/STM32/STM32CubeIDE_1.19.0/STM32CubeIDE/plugins/com.st.stm32cube.ide.mcu.externaltools.gnu-tools-for-stm32.13.3.rel1.win32_1.0.100.202509120712/tools/bin/../lib/gcc/arm-none-eabi/13.3.1/../../../../arm-none-eabi/lib/thumb/v7-m/nofp\libc_nano.a(libc_a-findfp.o)
 .text.cleanup_stdio
                0x0800b520       0x40 D:/STM32/STM32CubeIDE_1.19.0/STM32CubeIDE/plugins/com.st.stm32cube.ide.mcu.externaltools.gnu-tools-for-stm32.13.3.rel1.win32_1.0.100.202509120712/tools/bin/../lib/gcc/arm-none-eabi/13.3.1/../../../../arm-none-eabi/lib/thumb/v7-m/nofp\libc_nano.a(libc_a-findfp.o)
 .text.global_stdio_init.part.0
                0x0800b560       0x3c D:/STM32/STM32CubeIDE_1.19.0/STM32CubeIDE/plugins/com.st.stm32cube.ide.mcu.externaltools.gnu-tools-for-stm32.13.3.rel1.win32_1.0.100.202509120712/tools/bin/../lib/gcc/arm-none-eabi/13.3.1/../../../../arm-none-eabi/lib/thumb/v7-m/nofp\libc_nano.a(libc_a-findfp.o)
 .text.__sfp_lock_acquire
                0x0800b59c        0xc D:/STM32/STM32CubeIDE_1.19.0/STM32CubeIDE/plugins/com.st.stm32cube.ide.mcu.externaltools.gnu-tools-for-stm32.13.3.rel1.win32_1.0.100.202509120712/tools/bin/../lib/gcc/arm-none-eabi/13.3.1/../../../../arm-none-eabi/lib/thumb/v7-m/nofp\libc_nano.a(libc_a-findfp.o)
                0x0800b59c                __sfp_lock_acquire
 .text.__sfp_lock_release
                0x0800b5a8        0xc D:/STM32/STM32CubeIDE_1.19.0/STM32CubeIDE/plugins/com.st.stm32cube.ide.mcu.externaltools.gnu-tools-for-stm32.13.3.rel1.win32_1.0.100.202509120712/tools/bin/../lib/gcc/arm-none-eabi/13.3.1/../../../../arm-none-eabi/lib/thumb/v7-m/nofp\libc_nano.a(libc_a-findfp.o)
                0x0800b5a8                __sfp_lock_release
 .text.__sinit  0x0800b5b4       0x30 D:/STM32/STM32CubeIDE_1.19.0/STM32CubeIDE/plugins/com.st.stm32cube.ide.mcu.externaltools.gnu-tools-for-stm32.13.3.rel1.win32_1.0.100.202509120712/tools/bin/../lib/gcc/arm-none-eabi/13.3.1/../../../../arm-none-eabi/lib/thumb/v7-m/nofp\libc_nano.a(libc_a-findfp.o)
                0x0800b5b4                __sinit
 .text._fwalk_sglue
                0x0800b5e4       0x3c D:/STM32/STM32CubeIDE_1.19.0/STM32CubeIDE/plugins/com.st.stm32cube.ide.mcu.externaltools.gnu-tools-for-stm32.13.3.rel1.win32_1.0.100.202509120712/tools/bin/../lib/gcc/arm-none-eabi/13.3.1/../../../../arm-none-eabi/lib/thumb/v7-m/nofp\libc_nano.a(libc_a-fwalk.o)
                0x0800b5e4                _fwalk_sglue
 .text.sprintf  0x0800b620       0x44 D:/STM32/STM32CubeIDE_1.19.0/STM32CubeIDE/plugins/com.st.stm32cube.ide.mcu.externaltools.gnu-tools-for-stm32.13.3.rel1.win32_1.0.100.202509120712/tools/bin/../lib/gcc/arm-none-eabi/13.3.1/../../../../arm-none-eabi/lib/thumb/v7-m/nofp\libc_nano.a(libc_a-sprintf.o)
                0x0800b620                siprintf
                0x0800b620                sprintf
 .text.sscanf   0x0800b664       0x58 D:/STM32/STM32CubeIDE_1.19.0/STM32CubeIDE/plugins/com.st.stm32cube.ide.mcu.externaltools.gnu-tools-for-stm32.13.3.rel1.win32_1.0.100.202509120712/tools/bin/../lib/gcc/arm-none-eabi/13.3.1/../../../../arm-none-eabi/lib/thumb/v7-m/nofp\libc_nano.a(libc_a-sscanf.o)
                0x0800b664                siscanf
                0x0800b664                sscanf
 .text.__sread  0x0800b6bc       0x22 D:/STM32/STM32CubeIDE_1.19.0/STM32CubeIDE/plugins/com.st.stm32cube.ide.mcu.externaltools.gnu-tools-for-stm32.13.3.rel1.win32_1.0.100.202509120712/tools/bin/../lib/gcc/arm-none-eabi/13.3.1/../../../../arm-none-eabi/lib/thumb/v7-m/nofp\libc_nano.a(libc_a-stdio.o)
                0x0800b6bc                __sread
 .text.__seofread
                0x0800b6de        0x4 D:/STM32/STM32CubeIDE_1.19.0/STM32CubeIDE/plugins/com.st.stm32cube.ide.mcu.externaltools.gnu-tools-for-stm32.13.3.rel1.win32_1.0.100.202509120712/tools/bin/../lib/gcc/arm-none-eabi/13.3.1/../../../../arm-none-eabi/lib/thumb/v7-m/nofp\libc_nano.a(libc_a-stdio.o)
                0x0800b6de                __seofread
 .text.__swrite
                0x0800b6e2       0x38 D:/STM32/STM32CubeIDE_1.19.0/STM32CubeIDE/plugins/com.st.stm32cube.ide.mcu.externaltools.gnu-tools-for-stm32.13.3.rel1.win32_1.0.100.202509120712/tools/bin/../lib/gcc/arm-none-eabi/13.3.1/../../../../arm-none-eabi/lib/thumb/v7-m/nofp\libc_nano.a(libc_a-stdio.o)
                0x0800b6e2                __swrite
 .text.__sseek  0x0800b71a       0x24 D:/STM32/STM32CubeIDE_1.19.0/STM32CubeIDE/plugins/com.st.stm32cube.ide.mcu.externaltools.gnu-tools-for-stm32.13.3.rel1.win32_1.0.100.202509120712/tools/bin/../lib/gcc/arm-none-eabi/13.3.1/../../../../arm-none-eabi/lib/thumb/v7-m/nofp\libc_nano.a(libc_a-stdio.o)
                0x0800b71a                __sseek
 .text.__sclose
                0x0800b73e        0x8 D:/STM32/STM32CubeIDE_1.19.0/STM32CubeIDE/plugins/com.st.stm32cube.ide.mcu.externaltools.gnu-tools-for-stm32.13.3.rel1.win32_1.0.100.202509120712/tools/bin/../lib/gcc/arm-none-eabi/13.3.1/../../../../arm-none-eabi/lib/thumb/v7-m/nofp\libc_nano.a(libc_a-stdio.o)
                0x0800b73e                __sclose
 .text.memset   0x0800b746       0x10 D:/STM32/STM32CubeIDE_1.19.0/STM32CubeIDE/plugins/com.st.stm32cube.ide.mcu.externaltools.gnu-tools-for-stm32.13.3.rel1.win32_1.0.100.202509120712/tools/bin/../lib/gcc/arm-none-eabi/13.3.1/../../../../arm-none-eabi/lib/thumb/v7-m/nofp\libc_nano.a(libc_a-memset.o)
                0x0800b746                memset
 *fill*         0x0800b756        0x2 
 .text._localeconv_r
                0x0800b758        0x8 D:/STM32/STM32CubeIDE_1.19.0/STM32CubeIDE/plugins/com.st.stm32cube.ide.mcu.externaltools.gnu-tools-for-stm32.13.3.rel1.win32_1.0.100.202509120712/tools/bin/../lib/gcc/arm-none-eabi/13.3.1/../../../../arm-none-eabi/lib/thumb/v7-m/nofp\libc_nano.a(libc_a-localeconv.o)
                0x0800b758                _localeconv_r
 .text._close_r
                0x0800b760       0x20 D:/STM32/STM32CubeIDE_1.19.0/STM32CubeIDE/plugins/com.st.stm32cube.ide.mcu.externaltools.gnu-tools-for-stm32.13.3.rel1.win32_1.0.100.202509120712/tools/bin/../lib/gcc/arm-none-eabi/13.3.1/../../../../arm-none-eabi/lib/thumb/v7-m/nofp\libc_nano.a(libc_a-closer.o)
                0x0800b760                _close_r
 .text._reclaim_reent
                0x0800b780       0xbc D:/STM32/STM32CubeIDE_1.19.0/STM32CubeIDE/plugins/com.st.stm32cube.ide.mcu.externaltools.gnu-tools-for-stm32.13.3.rel1.win32_1.0.100.202509120712/tools/bin/../lib/gcc/arm-none-eabi/13.3.1/../../../../arm-none-eabi/lib/thumb/v7-m/nofp\libc_nano.a(libc_a-reent.o)
                0x0800b780                _reclaim_reent
 .text._lseek_r
                0x0800b83c       0x24 D:/STM32/STM32CubeIDE_1.19.0/STM32CubeIDE/plugins/com.st.stm32cube.ide.mcu.externaltools.gnu-tools-for-stm32.13.3.rel1.win32_1.0.100.202509120712/tools/bin/../lib/gcc/arm-none-eabi/13.3.1/../../../../arm-none-eabi/lib/thumb/v7-m/nofp\libc_nano.a(libc_a-lseekr.o)
                0x0800b83c                _lseek_r
 .text._read_r  0x0800b860       0x24 D:/STM32/STM32CubeIDE_1.19.0/STM32CubeIDE/plugins/com.st.stm32cube.ide.mcu.externaltools.gnu-tools-for-stm32.13.3.rel1.win32_1.0.100.202509120712/tools/bin/../lib/gcc/arm-none-eabi/13.3.1/../../../../arm-none-eabi/lib/thumb/v7-m/nofp\libc_nano.a(libc_a-readr.o)
                0x0800b860                _read_r
 .text._write_r
                0x0800b884       0x24 D:/STM32/STM32CubeIDE_1.19.0/STM32CubeIDE/plugins/com.st.stm32cube.ide.mcu.externaltools.gnu-tools-for-stm32.13.3.rel1.win32_1.0.100.202509120712/tools/bin/../lib/gcc/arm-none-eabi/13.3.1/../../../../arm-none-eabi/lib/thumb/v7-m/nofp\libc_nano.a(libc_a-writer.o)
                0x0800b884                _write_r
 .text.__errno  0x0800b8a8        0xc D:/STM32/STM32CubeIDE_1.19.0/STM32CubeIDE/plugins/com.st.stm32cube.ide.mcu.externaltools.gnu-tools-for-stm32.13.3.rel1.win32_1.0.100.202509120712/tools/bin/../lib/gcc/arm-none-eabi/13.3.1/../../../../arm-none-eabi/lib/thumb/v7-m/nofp\libc_nano.a(libc_a-errno.o)
                0x0800b8a8                __errno
 .text.__libc_init_array
                0x0800b8b4       0x48 D:/STM32/STM32CubeIDE_1.19.0/STM32CubeIDE/plugins/com.st.stm32cube.ide.mcu.externaltools.gnu-tools-for-stm32.13.3.rel1.win32_1.0.100.202509120712/tools/bin/../lib/gcc/arm-none-eabi/13.3.1/../../../../arm-none-eabi/lib/thumb/v7-m/nofp\libc_nano.a(libc_a-init.o)
                0x0800b8b4                __libc_init_array
 .text.__retarget_lock_init_recursive
                0x0800b8fc        0x2 D:/STM32/STM32CubeIDE_1.19.0/STM32CubeIDE/plugins/com.st.stm32cube.ide.mcu.externaltools.gnu-tools-for-stm32.13.3.rel1.win32_1.0.100.202509120712/tools/bin/../lib/gcc/arm-none-eabi/13.3.1/../../../../arm-none-eabi/lib/thumb/v7-m/nofp\libc_nano.a(libc_a-lock.o)
                0x0800b8fc                __retarget_lock_init_recursive
 .text.__retarget_lock_acquire_recursive
                0x0800b8fe        0x2 D:/STM32/STM32CubeIDE_1.19.0/STM32CubeIDE/plugins/com.st.stm32cube.ide.mcu.externaltools.gnu-tools-for-stm32.13.3.rel1.win32_1.0.100.202509120712/tools/bin/../lib/gcc/arm-none-eabi/13.3.1/../../../../arm-none-eabi/lib/thumb/v7-m/nofp\libc_nano.a(libc_a-lock.o)
                0x0800b8fe                __retarget_lock_acquire_recursive
 .text.__retarget_lock_release_recursive
                0x0800b900        0x2 D:/STM32/STM32CubeIDE_1.19.0/STM32CubeIDE/plugins/com.st.stm32cube.ide.mcu.externaltools.gnu-tools-for-stm32.13.3.rel1.win32_1.0.100.202509120712/tools/bin/../lib/gcc/arm-none-eabi/13.3.1/../../../../arm-none-eabi/lib/thumb/v7-m/nofp\libc_nano.a(libc_a-lock.o)
                0x0800b900                __retarget_lock_release_recursive
 .text.memchr   0x0800b902       0x1c D:/STM32/STM32CubeIDE_1.19.0/STM32CubeIDE/plugins/com.st.stm32cube.ide.mcu.externaltools.gnu-tools-for-stm32.13.3.rel1.win32_1.0.100.202509120712/tools/bin/../lib/gcc/arm-none-eabi/13.3.1/../../../../arm-none-eabi/lib/thumb/v7-m/nofp\libc_nano.a(libc_a-memchr-stub.o)
                0x0800b902                memchr
 .text.memcpy   0x0800b91e       0x1c D:/STM32/STM32CubeIDE_1.19.0/STM32CubeIDE/plugins/com.st.stm32cube.ide.mcu.externaltools.gnu-tools-for-stm32.13.3.rel1.win32_1.0.100.202509120712/tools/bin/../lib/gcc/arm-none-eabi/13.3.1/../../../../arm-none-eabi/lib/thumb/v7-m/nofp\libc_nano.a(libc_a-memcpy-stub.o)
                0x0800b91e                memcpy
 .text.quorem   0x0800b93a      0x110 D:/STM32/STM32CubeIDE_1.19.0/STM32CubeIDE/plugins/com.st.stm32cube.ide.mcu.externaltools.gnu-tools-for-stm32.13.3.rel1.win32_1.0.100.202509120712/tools/bin/../lib/gcc/arm-none-eabi/13.3.1/../../../../arm-none-eabi/lib/thumb/v7-m/nofp\libc_nano.a(libc_a-dtoa.o)
 *fill*         0x0800ba4a        0x6 
 .text._dtoa_r  0x0800ba50      0xba8 D:/STM32/STM32CubeIDE_1.19.0/STM32CubeIDE/plugins/com.st.stm32cube.ide.mcu.externaltools.gnu-tools-for-stm32.13.3.rel1.win32_1.0.100.202509120712/tools/bin/../lib/gcc/arm-none-eabi/13.3.1/../../../../arm-none-eabi/lib/thumb/v7-m/nofp\libc_nano.a(libc_a-dtoa.o)
                0x0800ba50                _dtoa_r
 .text._free_r  0x0800c5f8       0x90 D:/STM32/STM32CubeIDE_1.19.0/STM32CubeIDE/plugins/com.st.stm32cube.ide.mcu.externaltools.gnu-tools-for-stm32.13.3.rel1.win32_1.0.100.202509120712/tools/bin/../lib/gcc/arm-none-eabi/13.3.1/../../../../arm-none-eabi/lib/thumb/v7-m/nofp\libc_nano.a(libc_a-freer.o)
                0x0800c5f8                _free_r
 .text.malloc   0x0800c688       0x10 D:/STM32/STM32CubeIDE_1.19.0/STM32CubeIDE/plugins/com.st.stm32cube.ide.mcu.externaltools.gnu-tools-for-stm32.13.3.rel1.win32_1.0.100.202509120712/tools/bin/../lib/gcc/arm-none-eabi/13.3.1/../../../../arm-none-eabi/lib/thumb/v7-m/nofp\libc_nano.a(libc_a-malloc.o)
                0x0800c688                malloc
 .text.sbrk_aligned
                0x0800c698       0x44 D:/STM32/STM32CubeIDE_1.19.0/STM32CubeIDE/plugins/com.st.stm32cube.ide.mcu.externaltools.gnu-tools-for-stm32.13.3.rel1.win32_1.0.100.202509120712/tools/bin/../lib/gcc/arm-none-eabi/13.3.1/../../../../arm-none-eabi/lib/thumb/v7-m/nofp\libc_nano.a(libc_a-mallocr.o)
 .text._malloc_r
                0x0800c6dc      0x100 D:/STM32/STM32CubeIDE_1.19.0/STM32CubeIDE/plugins/com.st.stm32cube.ide.mcu.externaltools.gnu-tools-for-stm32.13.3.rel1.win32_1.0.100.202509120712/tools/bin/../lib/gcc/arm-none-eabi/13.3.1/../../../../arm-none-eabi/lib/thumb/v7-m/nofp\libc_nano.a(libc_a-mallocr.o)
                0x0800c6dc                _malloc_r
 .text.__malloc_lock
                0x0800c7dc        0xc D:/STM32/STM32CubeIDE_1.19.0/STM32CubeIDE/plugins/com.st.stm32cube.ide.mcu.externaltools.gnu-tools-for-stm32.13.3.rel1.win32_1.0.100.202509120712/tools/bin/../lib/gcc/arm-none-eabi/13.3.1/../../../../arm-none-eabi/lib/thumb/v7-m/nofp\libc_nano.a(libc_a-mlock.o)
                0x0800c7dc                __malloc_lock
 .text.__malloc_unlock
                0x0800c7e8        0xc D:/STM32/STM32CubeIDE_1.19.0/STM32CubeIDE/plugins/com.st.stm32cube.ide.mcu.externaltools.gnu-tools-for-stm32.13.3.rel1.win32_1.0.100.202509120712/tools/bin/../lib/gcc/arm-none-eabi/13.3.1/../../../../arm-none-eabi/lib/thumb/v7-m/nofp\libc_nano.a(libc_a-mlock.o)
                0x0800c7e8                __malloc_unlock
 .text._Balloc  0x0800c7f4       0x80 D:/STM32/STM32CubeIDE_1.19.0/STM32CubeIDE/plugins/com.st.stm32cube.ide.mcu.externaltools.gnu-tools-for-stm32.13.3.rel1.win32_1.0.100.202509120712/tools/bin/../lib/gcc/arm-none-eabi/13.3.1/../../../../arm-none-eabi/lib/thumb/v7-m/nofp\libc_nano.a(libc_a-mprec.o)
                0x0800c7f4                _Balloc
 .text._Bfree   0x0800c874       0x44 D:/STM32/STM32CubeIDE_1.19.0/STM32CubeIDE/plugins/com.st.stm32cube.ide.mcu.externaltools.gnu-tools-for-stm32.13.3.rel1.win32_1.0.100.202509120712/tools/bin/../lib/gcc/arm-none-eabi/13.3.1/../../../../arm-none-eabi/lib/thumb/v7-m/nofp\libc_nano.a(libc_a-mprec.o)
                0x0800c874                _Bfree
 .text.__multadd
                0x0800c8b8       0x8c D:/STM32/STM32CubeIDE_1.19.0/STM32CubeIDE/plugins/com.st.stm32cube.ide.mcu.externaltools.gnu-tools-for-stm32.13.3.rel1.win32_1.0.100.202509120712/tools/bin/../lib/gcc/arm-none-eabi/13.3.1/../../../../arm-none-eabi/lib/thumb/v7-m/nofp\libc_nano.a(libc_a-mprec.o)
                0x0800c8b8                __multadd
 .text.__hi0bits
                0x0800c944       0x3e D:/STM32/STM32CubeIDE_1.19.0/STM32CubeIDE/plugins/com.st.stm32cube.ide.mcu.externaltools.gnu-tools-for-stm32.13.3.rel1.win32_1.0.100.202509120712/tools/bin/../lib/gcc/arm-none-eabi/13.3.1/../../../../arm-none-eabi/lib/thumb/v7-m/nofp\libc_nano.a(libc_a-mprec.o)
                0x0800c944                __hi0bits
 .text.__lo0bits
                0x0800c982       0x5a D:/STM32/STM32CubeIDE_1.19.0/STM32CubeIDE/plugins/com.st.stm32cube.ide.mcu.externaltools.gnu-tools-for-stm32.13.3.rel1.win32_1.0.100.202509120712/tools/bin/../lib/gcc/arm-none-eabi/13.3.1/../../../../arm-none-eabi/lib/thumb/v7-m/nofp\libc_nano.a(libc_a-mprec.o)
                0x0800c982                __lo0bits
 .text.__i2b    0x0800c9dc       0x2c D:/STM32/STM32CubeIDE_1.19.0/STM32CubeIDE/plugins/com.st.stm32cube.ide.mcu.externaltools.gnu-tools-for-stm32.13.3.rel1.win32_1.0.100.202509120712/tools/bin/../lib/gcc/arm-none-eabi/13.3.1/../../../../arm-none-eabi/lib/thumb/v7-m/nofp\libc_nano.a(libc_a-mprec.o)
                0x0800c9dc                __i2b
 .text.__multiply
                0x0800ca08      0x144 D:/STM32/STM32CubeIDE_1.19.0/STM32CubeIDE/plugins/com.st.stm32cube.ide.mcu.externaltools.gnu-tools-for-stm32.13.3.rel1.win32_1.0.100.202509120712/tools/bin/../lib/gcc/arm-none-eabi/13.3.1/../../../../arm-none-eabi/lib/thumb/v7-m/nofp\libc_nano.a(libc_a-mprec.o)
                0x0800ca08                __multiply
 .text.__pow5mult
                0x0800cb4c       0xb4 D:/STM32/STM32CubeIDE_1.19.0/STM32CubeIDE/plugins/com.st.stm32cube.ide.mcu.externaltools.gnu-tools-for-stm32.13.3.rel1.win32_1.0.100.202509120712/tools/bin/../lib/gcc/arm-none-eabi/13.3.1/../../../../arm-none-eabi/lib/thumb/v7-m/nofp\libc_nano.a(libc_a-mprec.o)
                0x0800cb4c                __pow5mult
 .text.__lshift
                0x0800cc00       0xd8 D:/STM32/STM32CubeIDE_1.19.0/STM32CubeIDE/plugins/com.st.stm32cube.ide.mcu.externaltools.gnu-tools-for-stm32.13.3.rel1.win32_1.0.100.202509120712/tools/bin/../lib/gcc/arm-none-eabi/13.3.1/../../../../arm-none-eabi/lib/thumb/v7-m/nofp\libc_nano.a(libc_a-mprec.o)
                0x0800cc00                __lshift
 .text.__mcmp   0x0800ccd8       0x36 D:/STM32/STM32CubeIDE_1.19.0/STM32CubeIDE/plugins/com.st.stm32cube.ide.mcu.externaltools.gnu-tools-for-stm32.13.3.rel1.win32_1.0.100.202509120712/tools/bin/../lib/gcc/arm-none-eabi/13.3.1/../../../../arm-none-eabi/lib/thumb/v7-m/nofp\libc_nano.a(libc_a-mprec.o)
                0x0800ccd8                __mcmp
 *fill*         0x0800cd0e        0x2 
 .text.__mdiff  0x0800cd10      0x128 D:/STM32/STM32CubeIDE_1.19.0/STM32CubeIDE/plugins/com.st.stm32cube.ide.mcu.externaltools.gnu-tools-for-stm32.13.3.rel1.win32_1.0.100.202509120712/tools/bin/../lib/gcc/arm-none-eabi/13.3.1/../../../../arm-none-eabi/lib/thumb/v7-m/nofp\libc_nano.a(libc_a-mprec.o)
                0x0800cd10                __mdiff
 .text.__d2b    0x0800ce38       0xb0 D:/STM32/STM32CubeIDE_1.19.0/STM32CubeIDE/plugins/com.st.stm32cube.ide.mcu.externaltools.gnu-tools-for-stm32.13.3.rel1.win32_1.0.100.202509120712/tools/bin/../lib/gcc/arm-none-eabi/13.3.1/../../../../arm-none-eabi/lib/thumb/v7-m/nofp\libc_nano.a(libc_a-mprec.o)
                0x0800ce38                __d2b
 .text.__ssputs_r
                0x0800cee8       0xb6 D:/STM32/STM32CubeIDE_1.19.0/STM32CubeIDE/plugins/com.st.stm32cube.ide.mcu.externaltools.gnu-tools-for-stm32.13.3.rel1.win32_1.0.100.202509120712/tools/bin/../lib/gcc/arm-none-eabi/13.3.1/../../../../arm-none-eabi/lib/thumb/v7-m/nofp\libc_nano.a(libc_a-nano-svfprintf.o)
                0x0800cee8                __ssputs_r
 *fill*         0x0800cf9e        0x2 
 .text._svfprintf_r
                0x0800cfa0      0x1f8 D:/STM32/STM32CubeIDE_1.19.0/STM32CubeIDE/plugins/com.st.stm32cube.ide.mcu.externaltools.gnu-tools-for-stm32.13.3.rel1.win32_1.0.100.202509120712/tools/bin/../lib/gcc/arm-none-eabi/13.3.1/../../../../arm-none-eabi/lib/thumb/v7-m/nofp\libc_nano.a(libc_a-nano-svfprintf.o)
                0x0800cfa0                _svfiprintf_r
                0x0800cfa0                _svfprintf_r
 .text._sungetc_r
                0x0800d198       0x7a D:/STM32/STM32CubeIDE_1.19.0/STM32CubeIDE/plugins/com.st.stm32cube.ide.mcu.externaltools.gnu-tools-for-stm32.13.3.rel1.win32_1.0.100.202509120712/tools/bin/../lib/gcc/arm-none-eabi/13.3.1/../../../../arm-none-eabi/lib/thumb/v7-m/nofp\libc_nano.a(libc_a-nano-svfscanf.o)
                0x0800d198                _sungetc_r
 .text.__ssrefill_r
                0x0800d212       0x3a D:/STM32/STM32CubeIDE_1.19.0/STM32CubeIDE/plugins/com.st.stm32cube.ide.mcu.externaltools.gnu-tools-for-stm32.13.3.rel1.win32_1.0.100.202509120712/tools/bin/../lib/gcc/arm-none-eabi/13.3.1/../../../../arm-none-eabi/lib/thumb/v7-m/nofp\libc_nano.a(libc_a-nano-svfscanf.o)
                0x0800d212                __ssrefill_r
 .text.__ssvfscanf_r
                0x0800d24c      0x2e8 D:/STM32/STM32CubeIDE_1.19.0/STM32CubeIDE/plugins/com.st.stm32cube.ide.mcu.externaltools.gnu-tools-for-stm32.13.3.rel1.win32_1.0.100.202509120712/tools/bin/../lib/gcc/arm-none-eabi/13.3.1/../../../../arm-none-eabi/lib/thumb/v7-m/nofp\libc_nano.a(libc_a-nano-svfscanf.o)
                0x0800d24c                __ssvfiscanf_r
                0x0800d24c                __ssvfscanf_r
 .text._scanf_chars
                0x0800d534       0xb4 D:/STM32/STM32CubeIDE_1.19.0/STM32CubeIDE/plugins/com.st.stm32cube.ide.mcu.externaltools.gnu-tools-for-stm32.13.3.rel1.win32_1.0.100.202509120712/tools/bin/../lib/gcc/arm-none-eabi/13.3.1/../../../../arm-none-eabi/lib/thumb/v7-m/nofp\libc_nano.a(libc_a-nano-vfscanf_i.o)
                0x0800d534                _scanf_chars
 .text._scanf_i
                0x0800d5e8      0x1e4 D:/STM32/STM32CubeIDE_1.19.0/STM32CubeIDE/plugins/com.st.stm32cube.ide.mcu.externaltools.gnu-tools-for-stm32.13.3.rel1.win32_1.0.100.202509120712/tools/bin/../lib/gcc/arm-none-eabi/13.3.1/../../../../arm-none-eabi/lib/thumb/v7-m/nofp\libc_nano.a(libc_a-nano-vfscanf_i.o)
                0x0800d5e8                _scanf_i
 .text.__sflush_r
                0x0800d7cc      0x100 D:/STM32/STM32CubeIDE_1.19.0/STM32CubeIDE/plugins/com.st.stm32cube.ide.mcu.externaltools.gnu-tools-for-stm32.13.3.rel1.win32_1.0.100.202509120712/tools/bin/../lib/gcc/arm-none-eabi/13.3.1/../../../../arm-none-eabi/lib/thumb/v7-m/nofp\libc_nano.a(libc_a-fflush.o)
                0x0800d7cc                __sflush_r
 .text._fflush_r
                0x0800d8cc       0x50 D:/STM32/STM32CubeIDE_1.19.0/STM32CubeIDE/plugins/com.st.stm32cube.ide.mcu.externaltools.gnu-tools-for-stm32.13.3.rel1.win32_1.0.100.202509120712/tools/bin/../lib/gcc/arm-none-eabi/13.3.1/../../../../arm-none-eabi/lib/thumb/v7-m/nofp\libc_nano.a(libc_a-fflush.o)
                0x0800d8cc                _fflush_r
 .text.__sccl   0x0800d91c       0x72 D:/STM32/STM32CubeIDE_1.19.0/STM32CubeIDE/plugins/com.st.stm32cube.ide.mcu.externaltools.gnu-tools-for-stm32.13.3.rel1.win32_1.0.100.202509120712/tools/bin/../lib/gcc/arm-none-eabi/13.3.1/../../../../arm-none-eabi/lib/thumb/v7-m/nofp\libc_nano.a(libc_a-sccl.o)
                0x0800d91c                __sccl
 .text.__submore
                0x0800d98e       0x70 D:/STM32/STM32CubeIDE_1.19.0/STM32CubeIDE/plugins/com.st.stm32cube.ide.mcu.externaltools.gnu-tools-for-stm32.13.3.rel1.win32_1.0.100.202509120712/tools/bin/../lib/gcc/arm-none-eabi/13.3.1/../../../../arm-none-eabi/lib/thumb/v7-m/nofp\libc_nano.a(libc_a-ungetc.o)
                0x0800d98e                __submore
 .text.memmove  0x0800d9fe       0x34 D:/STM32/STM32CubeIDE_1.19.0/STM32CubeIDE/plugins/com.st.stm32cube.ide.mcu.externaltools.gnu-tools-for-stm32.13.3.rel1.win32_1.0.100.202509120712/tools/bin/../lib/gcc/arm-none-eabi/13.3.1/../../../../arm-none-eabi/lib/thumb/v7-m/nofp\libc_nano.a(libc_a-memmove.o)
                0x0800d9fe                memmove
 *fill*         0x0800da32        0x2 
 .text._sbrk_r  0x0800da34       0x20 D:/STM32/STM32CubeIDE_1.19.0/STM32CubeIDE/plugins/com.st.stm32cube.ide.mcu.externaltools.gnu-tools-for-stm32.13.3.rel1.win32_1.0.100.202509120712/tools/bin/../lib/gcc/arm-none-eabi/13.3.1/../../../../arm-none-eabi/lib/thumb/v7-m/nofp\libc_nano.a(libc_a-sbrkr.o)
                0x0800da34                _sbrk_r
 .text.__assert_func
                0x0800da54       0x3c D:/STM32/STM32CubeIDE_1.19.0/STM32CubeIDE/plugins/com.st.stm32cube.ide.mcu.externaltools.gnu-tools-for-stm32.13.3.rel1.win32_1.0.100.202509120712/tools/bin/../lib/gcc/arm-none-eabi/13.3.1/../../../../arm-none-eabi/lib/thumb/v7-m/nofp\libc_nano.a(libc_a-assert.o)
                0x0800da54                __assert_func
 .text._calloc_r
                0x0800da90       0x28 D:/STM32/STM32CubeIDE_1.19.0/STM32CubeIDE/plugins/com.st.stm32cube.ide.mcu.externaltools.gnu-tools-for-stm32.13.3.rel1.win32_1.0.100.202509120712/tools/bin/../lib/gcc/arm-none-eabi/13.3.1/../../../../arm-none-eabi/lib/thumb/v7-m/nofp\libc_nano.a(libc_a-callocr.o)
                0x0800da90                _calloc_r
 .text.__ascii_mbtowc
                0x0800dab8       0x24 D:/STM32/STM32CubeIDE_1.19.0/STM32CubeIDE/plugins/com.st.stm32cube.ide.mcu.externaltools.gnu-tools-for-stm32.13.3.rel1.win32_1.0.100.202509120712/tools/bin/../lib/gcc/arm-none-eabi/13.3.1/../../../../arm-none-eabi/lib/thumb/v7-m/nofp\libc_nano.a(libc_a-mbtowc_r.o)
                0x0800dab8                __ascii_mbtowc
 .text._realloc_r
                0x0800dadc       0x5c D:/STM32/STM32CubeIDE_1.19.0/STM32CubeIDE/plugins/com.st.stm32cube.ide.mcu.externaltools.gnu-tools-for-stm32.13.3.rel1.win32_1.0.100.202509120712/tools/bin/../lib/gcc/arm-none-eabi/13.3.1/../../../../arm-none-eabi/lib/thumb/v7-m/nofp\libc_nano.a(libc_a-reallocr.o)
                0x0800dadc                _realloc_r
 .text._strtol_l.isra.0
                0x0800db38       0xf4 D:/STM32/STM32CubeIDE_1.19.0/STM32CubeIDE/plugins/com.st.stm32cube.ide.mcu.externaltools.gnu-tools-for-stm32.13.3.rel1.win32_1.0.100.202509120712/tools/bin/../lib/gcc/arm-none-eabi/13.3.1/../../../../arm-none-eabi/lib/thumb/v7-m/nofp\libc_nano.a(libc_a-strtol.o)
 .text._strtol_r
                0x0800dc2c        0x4 D:/STM32/STM32CubeIDE_1.19.0/STM32CubeIDE/plugins/com.st.stm32cube.ide.mcu.externaltools.gnu-tools-for-stm32.13.3.rel1.win32_1.0.100.202509120712/tools/bin/../lib/gcc/arm-none-eabi/13.3.1/../../../../arm-none-eabi/lib/thumb/v7-m/nofp\libc_nano.a(libc_a-strtol.o)
                0x0800dc2c                _strtol_r
 .text._strtoul_l.isra.0
                0x0800dc30       0xdc D:/STM32/STM32CubeIDE_1.19.0/STM32CubeIDE/plugins/com.st.stm32cube.ide.mcu.externaltools.gnu-tools-for-stm32.13.3.rel1.win32_1.0.100.202509120712/tools/bin/../lib/gcc/arm-none-eabi/13.3.1/../../../../arm-none-eabi/lib/thumb/v7-m/nofp\libc_nano.a(libc_a-strtoul.o)
 .text._strtoul_r
                0x0800dd0c        0x4 D:/STM32/STM32CubeIDE_1.19.0/STM32CubeIDE/plugins/com.st.stm32cube.ide.mcu.externaltools.gnu-tools-for-stm32.13.3.rel1.win32_1.0.100.202509120712/tools/bin/../lib/gcc/arm-none-eabi/13.3.1/../../../../arm-none-eabi/lib/thumb/v7-m/nofp\libc_nano.a(libc_a-strtoul.o)
                0x0800dd0c                _strtoul_r
 .text.__ascii_wctomb
                0x0800dd10       0x1a D:/STM32/STM32CubeIDE_1.19.0/STM32CubeIDE/plugins/com.st.stm32cube.ide.mcu.externaltools.gnu-tools-for-stm32.13.3.rel1.win32_1.0.100.202509120712/tools/bin/../lib/gcc/arm-none-eabi/13.3.1/../../../../arm-none-eabi/lib/thumb/v7-m/nofp\libc_nano.a(libc_a-wctomb_r.o)
                0x0800dd10                __ascii_wctomb
 *fill*         0x0800dd2a        0x2 
 .text.fprintf  0x0800dd2c       0x24 D:/STM32/STM32CubeIDE_1.19.0/STM32CubeIDE/plugins/com.st.stm32cube.ide.mcu.externaltools.gnu-tools-for-stm32.13.3.rel1.win32_1.0.100.202509120712/tools/bin/../lib/gcc/arm-none-eabi/13.3.1/../../../../arm-none-eabi/lib/thumb/v7-m/nofp\libc_nano.a(libc_a-fprintf.o)
                0x0800dd2c                fiprintf
                0x0800dd2c                fprintf
 .text.abort    0x0800dd50        0xe D:/STM32/STM32CubeIDE_1.19.0/STM32CubeIDE/plugins/com.st.stm32cube.ide.mcu.externaltools.gnu-tools-for-stm32.13.3.rel1.win32_1.0.100.202509120712/tools/bin/../lib/gcc/arm-none-eabi/13.3.1/../../../../arm-none-eabi/lib/thumb/v7-m/nofp\libc_nano.a(libc_a-abort.o)
                0x0800dd50                abort
 .text._malloc_usable_size_r
                0x0800dd5e       0x10 D:/STM32/STM32CubeIDE_1.19.0/STM32CubeIDE/plugins/com.st.stm32cube.ide.mcu.externaltools.gnu-tools-for-stm32.13.3.rel1.win32_1.0.100.202509120712/tools/bin/../lib/gcc/arm-none-eabi/13.3.1/../../../../arm-none-eabi/lib/thumb/v7-m/nofp\libc_nano.a(libc_a-msizer.o)
                0x0800dd5e                _malloc_usable_size_r
 .text.__sfputc_r
                0x0800dd6e       0x2a D:/STM32/STM32CubeIDE_1.19.0/STM32CubeIDE/plugins/com.st.stm32cube.ide.mcu.externaltools.gnu-tools-for-stm32.13.3.rel1.win32_1.0.100.202509120712/tools/bin/../lib/gcc/arm-none-eabi/13.3.1/../../../../arm-none-eabi/lib/thumb/v7-m/nofp\libc_nano.a(libc_a-nano-vfprintf.o)
 .text.__sfputs_r
                0x0800dd98       0x24 D:/STM32/STM32CubeIDE_1.19.0/STM32CubeIDE/plugins/com.st.stm32cube.ide.mcu.externaltools.gnu-tools-for-stm32.13.3.rel1.win32_1.0.100.202509120712/tools/bin/../lib/gcc/arm-none-eabi/13.3.1/../../../../arm-none-eabi/lib/thumb/v7-m/nofp\libc_nano.a(libc_a-nano-vfprintf.o)
                0x0800dd98                __sfputs_r
 .text._vfprintf_r
                0x0800ddbc      0x230 D:/STM32/STM32CubeIDE_1.19.0/STM32CubeIDE/plugins/com.st.stm32cube.ide.mcu.externaltools.gnu-tools-for-stm32.13.3.rel1.win32_1.0.100.202509120712/tools/bin/../lib/gcc/arm-none-eabi/13.3.1/../../../../arm-none-eabi/lib/thumb/v7-m/nofp\libc_nano.a(libc_a-nano-vfprintf.o)
                0x0800ddbc                _vfprintf_r
                0x0800ddbc                _vfiprintf_r
 .text.__swbuf_r
                0x0800dfec       0x7c D:/STM32/STM32CubeIDE_1.19.0/STM32CubeIDE/plugins/com.st.stm32cube.ide.mcu.externaltools.gnu-tools-for-stm32.13.3.rel1.win32_1.0.100.202509120712/tools/bin/../lib/gcc/arm-none-eabi/13.3.1/../../../../arm-none-eabi/lib/thumb/v7-m/nofp\libc_nano.a(libc_a-wbuf.o)
                0x0800dfec                __swbuf_r
 .text.__swsetup_r
                0x0800e068       0xac D:/STM32/STM32CubeIDE_1.19.0/STM32CubeIDE/plugins/com.st.stm32cube.ide.mcu.externaltools.gnu-tools-for-stm32.13.3.rel1.win32_1.0.100.202509120712/tools/bin/../lib/gcc/arm-none-eabi/13.3.1/../../../../arm-none-eabi/lib/thumb/v7-m/nofp\libc_nano.a(libc_a-wsetup.o)
                0x0800e068                __swsetup_r
 .text._raise_r
                0x0800e114       0x50 D:/STM32/STM32CubeIDE_1.19.0/STM32CubeIDE/plugins/com.st.stm32cube.ide.mcu.externaltools.gnu-tools-for-stm32.13.3.rel1.win32_1.0.100.202509120712/tools/bin/../lib/gcc/arm-none-eabi/13.3.1/../../../../arm-none-eabi/lib/thumb/v7-m/nofp\libc_nano.a(libc_a-signal.o)
                0x0800e114                _raise_r
 .text.raise    0x0800e164       0x10 D:/STM32/STM32CubeIDE_1.19.0/STM32CubeIDE/plugins/com.st.stm32cube.ide.mcu.externaltools.gnu-tools-for-stm32.13.3.rel1.win32_1.0.100.202509120712/tools/bin/../lib/gcc/arm-none-eabi/13.3.1/../../../../arm-none-eabi/lib/thumb/v7-m/nofp\libc_nano.a(libc_a-signal.o)
                0x0800e164                raise
 .text._kill_r  0x0800e174       0x24 D:/STM32/STM32CubeIDE_1.19.0/STM32CubeIDE/plugins/com.st.stm32cube.ide.mcu.externaltools.gnu-tools-for-stm32.13.3.rel1.win32_1.0.100.202509120712/tools/bin/../lib/gcc/arm-none-eabi/13.3.1/../../../../arm-none-eabi/lib/thumb/v7-m/nofp\libc_nano.a(libc_a-signalr.o)
                0x0800e174                _kill_r
 .text._getpid_r
                0x0800e198        0x4 D:/STM32/STM32CubeIDE_1.19.0/STM32CubeIDE/plugins/com.st.stm32cube.ide.mcu.externaltools.gnu-tools-for-stm32.13.3.rel1.win32_1.0.100.202509120712/tools/bin/../lib/gcc/arm-none-eabi/13.3.1/../../../../arm-none-eabi/lib/thumb/v7-m/nofp\libc_nano.a(libc_a-signalr.o)
                0x0800e198                _getpid_r
 .text.__swhatbuf_r
                0x0800e19c       0x4a D:/STM32/STM32CubeIDE_1.19.0/STM32CubeIDE/plugins/com.st.stm32cube.ide.mcu.externaltools.gnu-tools-for-stm32.13.3.rel1.win32_1.0.100.202509120712/tools/bin/../lib/gcc/arm-none-eabi/13.3.1/../../../../arm-none-eabi/lib/thumb/v7-m/nofp\libc_nano.a(libc_a-makebuf.o)
                0x0800e19c                __swhatbuf_r
 .text.__smakebuf_r
                0x0800e1e6       0x78 D:/STM32/STM32CubeIDE_1.19.0/STM32CubeIDE/plugins/com.st.stm32cube.ide.mcu.externaltools.gnu-tools-for-stm32.13.3.rel1.win32_1.0.100.202509120712/tools/bin/../lib/gcc/arm-none-eabi/13.3.1/../../../../arm-none-eabi/lib/thumb/v7-m/nofp\libc_nano.a(libc_a-makebuf.o)
                0x0800e1e6                __smakebuf_r
 *fill*         0x0800e25e        0x2 
 .text._fstat_r
                0x0800e260       0x24 D:/STM32/STM32CubeIDE_1.19.0/STM32CubeIDE/plugins/com.st.stm32cube.ide.mcu.externaltools.gnu-tools-for-stm32.13.3.rel1.win32_1.0.100.202509120712/tools/bin/../lib/gcc/arm-none-eabi/13.3.1/../../../../arm-none-eabi/lib/thumb/v7-m/nofp\libc_nano.a(libc_a-fstatr.o)
                0x0800e260                _fstat_r
 .text._isatty_r
                0x0800e284       0x20 D:/STM32/STM32CubeIDE_1.19.0/STM32CubeIDE/plugins/com.st.stm32cube.ide.mcu.externaltools.gnu-tools-for-stm32.13.3.rel1.win32_1.0.100.202509120712/tools/bin/../lib/gcc/arm-none-eabi/13.3.1/../../../../arm-none-eabi/lib/thumb/v7-m/nofp\libc_nano.a(libc_a-isattyr.o)
                0x0800e284                _isatty_r
 *(.glue_7)
 .glue_7        0x0800e2a4        0x0 linker stubs
 *(.glue_7t)
 .glue_7t       0x0800e2a4        0x0 linker stubs
 *(.eh_frame)
 .eh_frame      0x0800e2a4        0x0 D:/STM32/STM32CubeIDE_1.19.0/STM32CubeIDE/plugins/com.st.stm32cube.ide.mcu.externaltools.gnu-tools-for-stm32.13.3.rel1.win32_1.0.100.202509120712/tools/bin/../lib/gcc/arm-none-eabi/13.3.1/thumb/v7-m/nofp/crtbegin.o
 *(.init)
 .init          0x0800e2a4        0x4 D:/STM32/STM32CubeIDE_1.19.0/STM32CubeIDE/plugins/com.st.stm32cube.ide.mcu.externaltools.gnu-tools-for-stm32.13.3.rel1.win32_1.0.100.202509120712/tools/bin/../lib/gcc/arm-none-eabi/13.3.1/thumb/v7-m/nofp/crti.o
                0x0800e2a4                _init
 .init          0x0800e2a8        0x8 D:/STM32/STM32CubeIDE_1.19.0/STM32CubeIDE/plugins/com.st.stm32cube.ide.mcu.externaltools.gnu-tools-for-stm32.13.3.rel1.win32_1.0.100.202509120712/tools/bin/../lib/gcc/arm-none-eabi/13.3.1/thumb/v7-m/nofp/crtn.o
 *(.fini)
 .fini          0x0800e2b0        0x4 D:/STM32/STM32CubeIDE_1.19.0/STM32CubeIDE/plugins/com.st.stm32cube.ide.mcu.externaltools.gnu-tools-for-stm32.13.3.rel1.win32_1.0.100.202509120712/tools/bin/../lib/gcc/arm-none-eabi/13.3.1/thumb/v7-m/nofp/crti.o
                0x0800e2b0                _fini
 .fini          0x0800e2b4        0x8 D:/STM32/STM32CubeIDE_1.19.0/STM32CubeIDE/plugins/com.st.stm32cube.ide.mcu.externaltools.gnu-tools-for-stm32.13.3.rel1.win32_1.0.100.202509120712/tools/bin/../lib/gcc/arm-none-eabi/13.3.1/thumb/v7-m/nofp/crtn.o
                0x0800e2bc                        . = ALIGN (0x4)
                0x0800e2bc                        _etext = .

.vfp11_veneer   0x0800e2bc        0x0
 .vfp11_veneer  0x0800e2bc        0x0 linker stubs

.v4_bx          0x0800e2bc        0x0
 .v4_bx         0x0800e2bc        0x0 linker stubs

.iplt           0x0800e2bc        0x0
 .iplt          0x0800e2bc        0x0 D:/STM32/STM32CubeIDE_1.19.0/STM32CubeIDE/plugins/com.st.stm32cube.ide.mcu.externaltools.gnu-tools-for-stm32.13.3.rel1.win32_1.0.100.202509120712/tools/bin/../lib/gcc/arm-none-eabi/13.3.1/thumb/v7-m/nofp/crtbegin.o

.rodata         0x0800e2c0      0x56c
                0x0800e2c0                        . = ALIGN (0x4)
 *(.rodata)
 .rodata        0x0800e2c0      0x163 ./Core/Src/main.o
 *fill*         0x0800e423        0x1 
 .rodata        0x0800e424        0x5 ./Middlewares/Third_Party/FreeRTOS/Source/tasks.o
 *fill*         0x0800e429        0x3 
 .rodata        0x0800e42c        0xd ./Middlewares/Third_Party/FreeRTOS/Source/timers.o
 *fill*         0x0800e439        0x3 
 .rodata        0x0800e43c        0xc D:/STM32/STM32CubeIDE_1.19.0/STM32CubeIDE/plugins/com.st.stm32cube.ide.mcu.externaltools.gnu-tools-for-stm32.13.3.rel1.win32_1.0.100.202509120712/tools/bin/../lib/gcc/arm-none-eabi/13.3.1/../../../../arm-none-eabi/lib/thumb/v7-m/nofp\libc_nano.a(libc_a-nano-vfscanf_i.o)
 *(.rodata*)
 .rodata.mailbox_attributes
                0x0800e448       0x18 ./Core/Src/main.o
                0x0800e448                mailbox_attributes
 .rodata.AHBPrescTable
                0x0800e460       0x10 ./Core/Src/system_stm32f1xx.o
                0x0800e460                AHBPrescTable
 .rodata.APBPrescTable
                0x0800e470        0x8 ./Core/Src/system_stm32f1xx.o
                0x0800e470                APBPrescTable
 .rodata.aPLLMULFactorTable.1
                0x0800e478       0x10 ./Drivers/STM32F1xx_HAL_Driver/Src/stm32f1xx_hal_rcc.o
 .rodata.aPredivFactorTable.0
                0x0800e488        0x2 ./Drivers/STM32F1xx_HAL_Driver/Src/stm32f1xx_hal_rcc.o
 *fill*         0x0800e48a        0x2 
 .rodata.aPLLMULFactorTable.1
                0x0800e48c       0x10 ./Drivers/STM32F1xx_HAL_Driver/Src/stm32f1xx_hal_rcc_ex.o
 .rodata.aPredivFactorTable.0
                0x0800e49c        0x2 ./Drivers/STM32F1xx_HAL_Driver/Src/stm32f1xx_hal_rcc_ex.o
 .rodata._printf_float.str1.1
                0x0800e49e      0x18a D:/STM32/STM32CubeIDE_1.19.0/STM32CubeIDE/plugins/com.st.stm32cube.ide.mcu.externaltools.gnu-tools-for-stm32.13.3.rel1.win32_1.0.100.202509120712/tools/bin/../lib/gcc/arm-none-eabi/13.3.1/../../../../arm-none-eabi/lib/thumb/v7-m/nofp\libc_nano.a(libc_a-nano-vfprintf_float.o)
                                 0x12 (size before relaxing)
 .rodata._printf_i.str1.1
                0x0800e628        0x0 D:/STM32/STM32CubeIDE_1.19.0/STM32CubeIDE/plugins/com.st.stm32cube.ide.mcu.externaltools.gnu-tools-for-stm32.13.3.rel1.win32_1.0.100.202509120712/tools/bin/../lib/gcc/arm-none-eabi/13.3.1/../../../../arm-none-eabi/lib/thumb/v7-m/nofp\libc_nano.a(libc_a-nano-vfprintf_i.o)
                                 0x22 (size before relaxing)
 .rodata._dtoa_r.str1.1